Archive member included to satisfy reference by file (symbol)

/home/yzeze/Library/gcc-arm-none-eabi-5_4-2016q3/bin/../lib/gcc/arm-none-eabi/5.4.1/armv6-m/libgcc.a(_udivsi3.o)
                              build/HAL_Libraries/CMSIS/Device/ST/STM32F0xx/Source/Templates/system_stm32f0xx.o (__aeabi_uidiv)
/home/yzeze/Library/gcc-arm-none-eabi-5_4-2016q3/bin/../lib/gcc/arm-none-eabi/5.4.1/armv6-m/libgcc.a(_divsi3.o)
                              build/kernel/components/libc/minilibc/rand.o (__aeabi_idiv)
/home/yzeze/Library/gcc-arm-none-eabi-5_4-2016q3/bin/../lib/gcc/arm-none-eabi/5.4.1/armv6-m/libgcc.a(_dvmd_tls.o)
                              /home/yzeze/Library/gcc-arm-none-eabi-5_4-2016q3/bin/../lib/gcc/arm-none-eabi/5.4.1/armv6-m/libgcc.a(_udivsi3.o) (__aeabi_idiv0)
/home/yzeze/Library/gcc-arm-none-eabi-5_4-2016q3/bin/../lib/gcc/arm-none-eabi/5.4.1/armv6-m/libgcc.a(_muldi3.o)
                              build/kernel/components/libc/minilibc/string.o (__aeabi_lmul)
/home/yzeze/Library/gcc-arm-none-eabi-5_4-2016q3/bin/../lib/gcc/arm-none-eabi/5.4.1/armv6-m/libgcc.a(adddf3.o)
                              build/kernel/components/libc/minilibc/math.o (__aeabi_dadd)
/home/yzeze/Library/gcc-arm-none-eabi-5_4-2016q3/bin/../lib/gcc/arm-none-eabi/5.4.1/armv6-m/libgcc.a(muldf3.o)
                              build/kernel/components/libc/minilibc/math.o (__aeabi_dmul)
/home/yzeze/Library/gcc-arm-none-eabi-5_4-2016q3/bin/../lib/gcc/arm-none-eabi/5.4.1/armv6-m/libgcc.a(subdf3.o)
                              build/kernel/components/libc/minilibc/math.o (__aeabi_dsub)
/home/yzeze/Library/gcc-arm-none-eabi-5_4-2016q3/bin/../lib/gcc/arm-none-eabi/5.4.1/armv6-m/libgcc.a(fixdfsi.o)
                              build/kernel/components/libc/minilibc/math.o (__aeabi_d2iz)
/home/yzeze/Library/gcc-arm-none-eabi-5_4-2016q3/bin/../lib/gcc/arm-none-eabi/5.4.1/armv6-m/libgcc.a(floatsidf.o)
                              build/kernel/components/libc/minilibc/math.o (__aeabi_i2d)
/home/yzeze/Library/gcc-arm-none-eabi-5_4-2016q3/bin/../lib/gcc/arm-none-eabi/5.4.1/armv6-m/libgcc.a(_clzsi2.o)
                              /home/yzeze/Library/gcc-arm-none-eabi-5_4-2016q3/bin/../lib/gcc/arm-none-eabi/5.4.1/armv6-m/libgcc.a(adddf3.o) (__clzsi2)
/home/yzeze/Library/gcc-arm-none-eabi-5_4-2016q3/bin/../lib/gcc/arm-none-eabi/5.4.1/../../../../arm-none-eabi/lib/armv6-m/libg.a(lib_a-exit.o)
                              /home/yzeze/Library/gcc-arm-none-eabi-5_4-2016q3/bin/../lib/gcc/arm-none-eabi/5.4.1/../../../../arm-none-eabi/lib/armv6-m/crt0.o (exit)
/home/yzeze/Library/gcc-arm-none-eabi-5_4-2016q3/bin/../lib/gcc/arm-none-eabi/5.4.1/../../../../arm-none-eabi/lib/armv6-m/libg.a(lib_a-impure.o)
                              /home/yzeze/Library/gcc-arm-none-eabi-5_4-2016q3/bin/../lib/gcc/arm-none-eabi/5.4.1/../../../../arm-none-eabi/lib/armv6-m/libg.a(lib_a-exit.o) (_global_impure_ptr)
/home/yzeze/Library/gcc-arm-none-eabi-5_4-2016q3/bin/../lib/gcc/arm-none-eabi/5.4.1/../../../../arm-none-eabi/lib/armv6-m/libg.a(lib_a-init.o)
                              /home/yzeze/Library/gcc-arm-none-eabi-5_4-2016q3/bin/../lib/gcc/arm-none-eabi/5.4.1/../../../../arm-none-eabi/lib/armv6-m/crt0.o (__libc_init_array)
/home/yzeze/Library/gcc-arm-none-eabi-5_4-2016q3/bin/../lib/gcc/arm-none-eabi/5.4.1/../../../../arm-none-eabi/lib/armv6-m/libg.a(lib_a-__call_atexit.o)
                              /home/yzeze/Library/gcc-arm-none-eabi-5_4-2016q3/bin/../lib/gcc/arm-none-eabi/5.4.1/../../../../arm-none-eabi/lib/armv6-m/libg.a(lib_a-exit.o) (__call_exitprocs)
/home/yzeze/Library/gcc-arm-none-eabi-5_4-2016q3/bin/../lib/gcc/arm-none-eabi/5.4.1/../../../../arm-none-eabi/lib/armv6-m/libg.a(lib_a-atexit.o)
                              /home/yzeze/Library/gcc-arm-none-eabi-5_4-2016q3/bin/../lib/gcc/arm-none-eabi/5.4.1/../../../../arm-none-eabi/lib/armv6-m/libg.a(lib_a-__call_atexit.o) (atexit)
/home/yzeze/Library/gcc-arm-none-eabi-5_4-2016q3/bin/../lib/gcc/arm-none-eabi/5.4.1/../../../../arm-none-eabi/lib/armv6-m/libg.a(lib_a-fini.o)
                              /home/yzeze/Library/gcc-arm-none-eabi-5_4-2016q3/bin/../lib/gcc/arm-none-eabi/5.4.1/../../../../arm-none-eabi/lib/armv6-m/libg.a(lib_a-__call_atexit.o) (__libc_fini_array)
/home/yzeze/Library/gcc-arm-none-eabi-5_4-2016q3/bin/../lib/gcc/arm-none-eabi/5.4.1/../../../../arm-none-eabi/lib/armv6-m/libg.a(lib_a-__atexit.o)
                              /home/yzeze/Library/gcc-arm-none-eabi-5_4-2016q3/bin/../lib/gcc/arm-none-eabi/5.4.1/../../../../arm-none-eabi/lib/armv6-m/libg.a(lib_a-atexit.o) (__register_exitproc)

Allocating common symbols
Common symbol       size              file

rt_interrupt_to_thread
                    0x4               build/kernel/libcpu/arm/cortex-m0/cpuport.o
rt_interrupt_from_thread
                    0x4               build/kernel/libcpu/arm/cortex-m0/cpuport.o
shell               0x4               build/kernel/components/finsh/shell.o
rt_thread_switch_interrupt_flag
[...]
Memory Configuration

Name             Origin             Length             Attributes
CODE             0x08000000         0x00010000         xr
DATA             0x20000000         0x00002000         rw
*default*        0x00000000         0xffffffff

Linker script and memory map

LOAD /home/yzeze/Library/gcc-arm-none-eabi-5_4-2016q3/bin/../lib/gcc/arm-none-eabi/5.4.1/armv6-m/crti.o
LOAD /home/yzeze/Library/gcc-arm-none-eabi-5_4-2016q3/bin/../lib/gcc/arm-none-eabi/5.4.1/armv6-m/crtbegin.o
LOAD /home/yzeze/Library/gcc-arm-none-eabi-5_4-2016q3/bin/../lib/gcc/arm-none-eabi/5.4.1/../../../../arm-none-eabi/lib/armv6-m/crt0.o
LOAD build/HAL_Libraries/CMSIS/Device/ST/STM32F0xx/Source/Templates/system_stm32f0xx.o
LOAD build/HAL_Libraries/STM32F0xx_HAL_Driver/Src/stm32f0xx_hal.o
LOAD build/HAL_Libraries/STM32F0xx_HAL_Driver/Src/stm32f0xx_hal_adc.o
LOAD build/HAL_Libraries/STM32F0xx_HAL_Driver/Src/stm32f0xx_hal_adc_ex.o
LOAD build/HAL_Libraries/STM32F0xx_HAL_Driver/Src/stm32f0xx_hal_can.o
LOAD build/HAL_Libraries/STM32F0xx_HAL_Driver/Src/stm32f0xx_hal_cec.o
LOAD build/HAL_Libraries/STM32F0xx_HAL_Driver/Src/stm32f0xx_hal_comp.o
LOAD build/HAL_Libraries/STM32F0xx_HAL_Driver/Src/stm32f0xx_hal_cortex.o
LOAD build/HAL_Libraries/STM32F0xx_HAL_Driver/Src/stm32f0xx_hal_crc.o
LOAD build/HAL_Libraries/STM32F0xx_HAL_Driver/Src/stm32f0xx_hal_crc_ex.o
LOAD build/HAL_Libraries/STM32F0xx_HAL_Driver/Src/stm32f0xx_hal_dac.o
LOAD build/HAL_Libraries/STM32F0xx_HAL_Driver/Src/stm32f0xx_hal_dac_ex.o
LOAD build/HAL_Libraries/STM32F0xx_HAL_Driver/Src/stm32f0xx_hal_dma.o
LOAD build/HAL_Libraries/STM32F0xx_HAL_Driver/Src/stm32f0xx_hal_flash.o
LOAD build/HAL_Libraries/STM32F0xx_HAL_Driver/Src/stm32f0xx_hal_flash_ex.o
LOAD build/HAL_Libraries/STM32F0xx_HAL_Driver/Src/stm32f0xx_hal_gpio.o
LOAD build/HAL_Libraries/STM32F0xx_HAL_Driver/Src/stm32f0xx_hal_i2c.o
LOAD build/HAL_Libraries/STM32F0xx_HAL_Driver/Src/stm32f0xx_hal_i2c_ex.o
LOAD build/HAL_Libraries/STM32F0xx_HAL_Driver/Src/stm32f0xx_hal_i2s.o
LOAD build/HAL_Libraries/STM32F0xx_HAL_Driver/Src/stm32f0xx_hal_irda.o
LOAD build/HAL_Libraries/STM32F0xx_HAL_Driver/Src/stm32f0xx_hal_iwdg.o
LOAD build/HAL_Libraries/STM32F0xx_HAL_Driver/Src/stm32f0xx_hal_pcd.o
LOAD build/HAL_Libraries/STM32F0xx_HAL_Driver/Src/stm32f0xx_hal_pcd_ex.o
LOAD build/HAL_Libraries/STM32F0xx_HAL_Driver/Src/stm32f0xx_hal_pwr.o
LOAD build/HAL_Libraries/STM32F0xx_HAL_Driver/Src/stm32f0xx_hal_pwr_ex.o
LOAD build/HAL_Libraries/STM32F0xx_HAL_Driver/Src/stm32f0xx_hal_rcc.o
LOAD build/HAL_Libraries/STM32F0xx_HAL_Driver/Src/stm32f0xx_hal_rcc_ex.o
LOAD build/HAL_Libraries/STM32F0xx_HAL_Driver/Src/stm32f0xx_hal_rtc.o
LOAD build/HAL_Libraries/STM32F0xx_HAL_Driver/Src/stm32f0xx_hal_rtc_ex.o
LOAD build/HAL_Libraries/STM32F0xx_HAL_Driver/Src/stm32f0xx_hal_smartcard.o
LOAD build/HAL_Libraries/STM32F0xx_HAL_Driver/Src/stm32f0xx_hal_smartcard_ex.o
LOAD build/HAL_Libraries/STM32F0xx_HAL_Driver/Src/stm32f0xx_hal_smbus.o
LOAD build/HAL_Libraries/STM32F0xx_HAL_Driver/Src/stm32f0xx_hal_spi.o
LOAD build/HAL_Libraries/STM32F0xx_HAL_Driver/Src/stm32f0xx_hal_spi_ex.o
LOAD build/HAL_Libraries/STM32F0xx_HAL_Driver/Src/stm32f0xx_hal_tim.o
LOAD build/HAL_Libraries/STM32F0xx_HAL_Driver/Src/stm32f0xx_hal_tim_ex.o
LOAD build/HAL_Libraries/STM32F0xx_HAL_Driver/Src/stm32f0xx_hal_tsc.o
LOAD build/HAL_Libraries/STM32F0xx_HAL_Driver/Src/stm32f0xx_hal_uart.o
LOAD build/HAL_Libraries/STM32F0xx_HAL_Driver/Src/stm32f0xx_hal_uart_ex.o
LOAD build/HAL_Libraries/STM32F0xx_HAL_Driver/Src/stm32f0xx_hal_usart.o
LOAD build/HAL_Libraries/STM32F0xx_HAL_Driver/Src/stm32f0xx_hal_wwdg.o
LOAD build/HAL_Libraries/STM32F0xx_HAL_Driver/Src/stm32f0xx_ll_adc.o
LOAD build/HAL_Libraries/STM32F0xx_HAL_Driver/Src/stm32f0xx_ll_comp.o
LOAD build/HAL_Libraries/STM32F0xx_HAL_Driver/Src/stm32f0xx_ll_crc.o
LOAD build/HAL_Libraries/STM32F0xx_HAL_Driver/Src/stm32f0xx_ll_crs.o
LOAD build/HAL_Libraries/STM32F0xx_HAL_Driver/Src/stm32f0xx_ll_dac.o
LOAD build/HAL_Libraries/STM32F0xx_HAL_Driver/Src/stm32f0xx_ll_dma.o
LOAD build/HAL_Libraries/STM32F0xx_HAL_Driver/Src/stm32f0xx_ll_exti.o
LOAD build/HAL_Libraries/STM32F0xx_HAL_Driver/Src/stm32f0xx_ll_gpio.o
LOAD build/HAL_Libraries/STM32F0xx_HAL_Driver/Src/stm32f0xx_ll_i2c.o
LOAD build/HAL_Libraries/STM32F0xx_HAL_Driver/Src/stm32f0xx_ll_pwr.o
LOAD build/HAL_Libraries/STM32F0xx_HAL_Driver/Src/stm32f0xx_ll_rcc.o
LOAD build/HAL_Libraries/STM32F0xx_HAL_Driver/Src/stm32f0xx_ll_rtc.o
LOAD build/HAL_Libraries/STM32F0xx_HAL_Driver/Src/stm32f0xx_ll_spi.o
LOAD build/HAL_Libraries/STM32F0xx_HAL_Driver/Src/stm32f0xx_ll_tim.o
LOAD build/HAL_Libraries/STM32F0xx_HAL_Driver/Src/stm32f0xx_ll_usart.o
LOAD build/HAL_Libraries/STM32F0xx_HAL_Driver/Src/stm32f0xx_ll_utils.o
LOAD build/HAL_Libraries/CMSIS/Device/ST/STM32F0xx/Source/Templates/gcc/startup_stm32f0xx.o
LOAD build/drivers/board.o
LOAD build/drivers/led.o
LOAD build/drivers/stm32f0xx_hal_msp.o
LOAD build/drivers/stm32f0xx_it.o
LOAD build/drivers/usart.o
LOAD build/applications/application.o
LOAD build/applications/main.o
LOAD build/kernel/src/clock.o
LOAD build/kernel/src/components.o
LOAD build/kernel/src/device.o
LOAD build/kernel/src/idle.o
LOAD build/kernel/src/ipc.o
LOAD build/kernel/src/irq.o
LOAD build/kernel/src/kservice.o
LOAD build/kernel/src/mem.o
LOAD build/kernel/src/object.o
LOAD build/kernel/src/scheduler.o
LOAD build/kernel/src/thread.o
LOAD build/kernel/src/timer.o
LOAD build/kernel/libcpu/arm/cortex-m0/cpuport.o
LOAD build/kernel/libcpu/arm/cortex-m0/context_gcc.o
LOAD build/kernel/libcpu/arm/common/backtrace.o
LOAD build/kernel/libcpu/arm/common/div0.o
LOAD build/kernel/libcpu/arm/common/showmem.o
LOAD build/kernel/components/drivers/serial/serial.o
LOAD build/kernel/components/drivers/src/completion.o
LOAD build/kernel/components/drivers/src/dataqueue.o
LOAD build/kernel/components/drivers/src/pipe.o
LOAD build/kernel/components/drivers/src/portal.o
LOAD build/kernel/components/drivers/src/ringbuffer.o
LOAD build/kernel/components/drivers/src/workqueue.o
LOAD build/kernel/components/libc/minilibc/ctype.o
LOAD build/kernel/components/libc/minilibc/math.o
LOAD build/kernel/components/libc/minilibc/qsort.o
LOAD build/kernel/components/libc/minilibc/rand.o
LOAD build/kernel/components/libc/minilibc/stdlib.o
LOAD build/kernel/components/libc/minilibc/string.o
LOAD build/kernel/components/libc/minilibc/time.o
LOAD build/kernel/components/finsh/shell.o
LOAD build/kernel/components/finsh/symbol.o
LOAD build/kernel/components/finsh/cmd.o
LOAD build/kernel/components/finsh/msh.o
LOAD build/kernel/components/finsh/msh_cmd.o
LOAD build/kernel/components/finsh/msh_file.o
START GROUP
LOAD /home/yzeze/Library/gcc-arm-none-eabi-5_4-2016q3/bin/../lib/gcc/arm-none-eabi/5.4.1/armv6-m/libgcc.a
LOAD /home/yzeze/Library/gcc-arm-none-eabi-5_4-2016q3/bin/../lib/gcc/arm-none-eabi/5.4.1/../../../../arm-none-eabi/lib/armv6-m/libg.a
LOAD /home/yzeze/Library/gcc-arm-none-eabi-5_4-2016q3/bin/../lib/gcc/arm-none-eabi/5.4.1/../../../../arm-none-eabi/lib/armv6-m/libc.a
END GROUP
LOAD /home/yzeze/Library/gcc-arm-none-eabi-5_4-2016q3/bin/../lib/gcc/arm-none-eabi/5.4.1/armv6-m/crtend.o
LOAD /home/yzeze/Library/gcc-arm-none-eabi-5_4-2016q3/bin/../lib/gcc/arm-none-eabi/5.4.1/armv6-m/crtn.o
                0x00000100                _system_stack_size = 0x100

.text           0x08000000     0x6520
                0x08000000                . = ALIGN (0x4)
 *(.isr_vector)
 .isr_vector    0x08000000       0xc4 build/HAL_Libraries/CMSIS/Device/ST/STM32F0xx/Source/Templates/gcc/startup_stm32f0xx.o
                0x08000000                g_pfnVectors
                0x080000c4                . = ALIGN (0x4)
 *(.text)
 .text          0x080000c4       0xe4 build/kernel/libcpu/arm/cortex-m0/context_gcc.o
                0x080000c4                rt_hw_interrupt_disable
                0x080000cc                rt_hw_interrupt_enable
                0x080000d2                rt_hw_context_switch_interrupt
                0x080000d2                rt_hw_context_switch
                0x080000ee                PendSV_Handler
                0x08000142                rt_hw_context_switch_to
                0x08000172                rt_hw_interrupt_thread_switch
                0x08000176                HardFault_Handler
                0x08000182                rt_hw_interrupt_check
 .text          0x080001a8      0x114 /home/yzeze/Library/gcc-arm-none-eabi-5_4-2016q3/bin/../lib/gcc/arm-none-eabi/5.4.1/armv6-m/libgcc.a(_udivsi3.o)
                0x080001a8                __udivsi3
                0x080001a8                __aeabi_uidiv
                0x080002b4                __aeabi_uidivmod
 .text          0x080002bc        0x4 /home/yzeze/Library/gcc-arm-none-eabi-5_4-2016q3/bin/../lib/gcc/arm-none-eabi/5.4.1/armv6-m/libgcc.a(_dvmd_tls.o)
                0x080002bc                __aeabi_ldiv0
                0x080002bc                __aeabi_idiv0
 *(.text.*)
 .text.SystemInit
                0x080002c0       0x60 build/HAL_Libraries/CMSIS/Device/ST/STM32F0xx/Source/Templates/system_stm32f0xx.o
                0x080002c0                SystemInit
 .text.HAL_Init
                0x08000320       0x20 build/HAL_Libraries/STM32F0xx_HAL_Driver/Src/stm32f0xx_hal.o
                0x08000320                HAL_Init
 .text.HAL_IncTick
                0x08000340       0x10 build/HAL_Libraries/STM32F0xx_HAL_Driver/Src/stm32f0xx_hal.o
                0x08000340                HAL_IncTick
 .text.HAL_GetTick
                0x08000350        0xc build/HAL_Libraries/STM32F0xx_HAL_Driver/Src/stm32f0xx_hal.o
                0x08000350                HAL_GetTick
 .text.HAL_NVIC_SetPriority
                0x0800035c       0x68 build/HAL_Libraries/STM32F0xx_HAL_Driver/Src/stm32f0xx_hal_cortex.o
                0x0800035c                HAL_NVIC_SetPriority
 .text.HAL_NVIC_EnableIRQ
                0x080003c4       0x14 build/HAL_Libraries/STM32F0xx_HAL_Driver/Src/stm32f0xx_hal_cortex.o
                0x080003c4                HAL_NVIC_EnableIRQ
 .text.HAL_SYSTICK_Config
                0x080003d8       0x38 build/HAL_Libraries/STM32F0xx_HAL_Driver/Src/stm32f0xx_hal_cortex.o
                0x080003d8                HAL_SYSTICK_Config
 .text.HAL_SYSTICK_CLKSourceConfig
                0x08000410       0x20 build/HAL_Libraries/STM32F0xx_HAL_Driver/Src/stm32f0xx_hal_cortex.o
                0x08000410                HAL_SYSTICK_CLKSourceConfig
 .text.HAL_GPIO_Init
                0x08000430      0x1c8 build/HAL_Libraries/STM32F0xx_HAL_Driver/Src/stm32f0xx_hal_gpio.o
                0x08000430                HAL_GPIO_Init
 .text.HAL_GPIO_WritePin
                0x080005f8        0xc build/HAL_Libraries/STM32F0xx_HAL_Driver/Src/stm32f0xx_hal_gpio.o
                0x080005f8                HAL_GPIO_WritePin
 .text.HAL_RCC_OscConfig
                0x08000604      0x460 build/HAL_Libraries/STM32F0xx_HAL_Driver/Src/stm32f0xx_hal_rcc.o
                0x08000604                HAL_RCC_OscConfig
 .text.HAL_RCC_GetSysClockFreq
                0x08000a64       0x68 build/HAL_Libraries/STM32F0xx_HAL_Driver/Src/stm32f0xx_hal_rcc.o
                0x08000a64                HAL_RCC_GetSysClockFreq
 .text.HAL_RCC_ClockConfig
                0x08000acc      0x148 build/HAL_Libraries/STM32F0xx_HAL_Driver/Src/stm32f0xx_hal_rcc.o
                0x08000acc                HAL_RCC_ClockConfig
 .text.HAL_RCC_GetHCLKFreq
                0x08000c14        0xc build/HAL_Libraries/STM32F0xx_HAL_Driver/Src/stm32f0xx_hal_rcc.o
                0x08000c14                HAL_RCC_GetHCLKFreq
 .text.HAL_RCC_GetPCLK1Freq
                0x08000c20       0x20 build/HAL_Libraries/STM32F0xx_HAL_Driver/Src/stm32f0xx_hal_rcc.o
                0x08000c20                HAL_RCC_GetPCLK1Freq
 .text.HAL_RCCEx_PeriphCLKConfig
                0x08000c40      0x124 build/HAL_Libraries/STM32F0xx_HAL_Driver/Src/stm32f0xx_hal_rcc_ex.o
                0x08000c40                HAL_RCCEx_PeriphCLKConfig
 .text.UART_SetConfig
                0x08000d64      0x140 build/HAL_Libraries/STM32F0xx_HAL_Driver/Src/stm32f0xx_hal_uart.o
                0x08000d64                UART_SetConfig
 .text.UART_AdvFeatureConfig
                0x08000ea4       0xd0 build/HAL_Libraries/STM32F0xx_HAL_Driver/Src/stm32f0xx_hal_uart.o
                0x08000ea4                UART_AdvFeatureConfig
 .text.HAL_UART_Init
                0x08000f74       0x7c build/HAL_Libraries/STM32F0xx_HAL_Driver/Src/stm32f0xx_hal_uart.o
                0x08000f74                HAL_UART_Init
 .text.Reset_Handler
                0x08000ff0       0x44 build/HAL_Libraries/CMSIS/Device/ST/STM32F0xx/Source/Templates/gcc/startup_stm32f0xx.o
                0x08000ff0                Reset_Handler
 .text.Default_Handler
                0x08001034        0x2 build/HAL_Libraries/CMSIS/Device/ST/STM32F0xx/Source/Templates/gcc/startup_stm32f0xx.o
                0x08001034                TIM1_CC_IRQHandler
                0x08001034                ADC1_COMP_IRQHandler
                0x08001034                PVD_IRQHandler
                0x08001034                I2C1_IRQHandler
                0x08001034                SPI1_IRQHandler
                0x08001034                TIM6_DAC_IRQHandler
                0x08001034                EXTI2_3_IRQHandler
                0x08001034                I2C2_IRQHandler
                0x08001034                TIM17_IRQHandler
                0x08001034                RTC_IRQHandler
                0x08001034                TIM16_IRQHandler
                0x08001034                TIM3_IRQHandler
                0x08001034                EXTI4_15_IRQHandler
                0x08001034                RCC_IRQHandler
                0x08001034                DMA1_Channel1_IRQHandler
                0x08001034                Default_Handler
                0x08001034                CEC_IRQHandler
                0x08001034                TIM14_IRQHandler
                0x08001034                DMA1_Channel4_5_IRQHandler
                0x08001034                TIM15_IRQHandler
                0x08001034                EXTI0_1_IRQHandler
                0x08001034                SPI2_IRQHandler
                0x08001034                TS_IRQHandler
                0x08001034                WWDG_IRQHandler
                0x08001034                TIM2_IRQHandler
                0x08001034                DMA1_Channel2_3_IRQHandler
                0x08001034                USART2_IRQHandler
                0x08001034                FLASH_IRQHandler
                0x08001034                TIM1_BRK_UP_TRG_COM_IRQHandler
 *fill*         0x08001036        0x2 00000000
 .text.SystemClock_Config
                0x08001038       0x7c build/drivers/board.o
                0x08001038                SystemClock_Config
 .text.SysTick_Handler
                0x080010b4       0x14 build/drivers/board.o
                0x080010b4                SysTick_Handler
 .text.HAL_InitTick
                0x080010c8       0x24 build/drivers/board.o
                0x080010c8                HAL_InitTick
 .text.rt_hw_board_init
                0x080010ec       0x20 build/drivers/board.o
                0x080010ec                rt_hw_board_init
 .text.rt_hw_led_init
                0x0800110c       0x6c build/drivers/led.o
                0x0800110c                rt_hw_led_init
 .text.HAL_MspInit
                0x08001178       0x40 build/drivers/stm32f0xx_hal_msp.o
                0x08001178                HAL_MspInit
 .text.NMI_Handler
                0x080011b8        0x4 build/drivers/stm32f0xx_it.o
                0x080011b8                NMI_Handler
 .text.SVC_Handler
                0x080011bc        0x4 build/drivers/stm32f0xx_it.o
                0x080011bc                SVC_Handler
 .text.stm32_getc
                0x080011c0       0x34 build/drivers/usart.o
 .text.stm32_putc
                0x080011f4       0x34 build/drivers/usart.o
 .text.stm32_control
                0x08001228       0x68 build/drivers/usart.o
 .text.stm32_hw_usart_init
                0x08001290       0x4c build/drivers/usart.o
                0x08001290                stm32_hw_usart_init
 .text.stm32_configure
                0x080012dc       0xa0 build/drivers/usart.o
 .text.HAL_UART_MspInit
                0x0800137c       0x90 build/drivers/usart.o
                0x0800137c                HAL_UART_MspInit
 .text.USART1_IRQHandler
                0x0800140c       0x4c build/drivers/usart.o
                0x0800140c                USART1_IRQHandler
 .text.rt_init_thread_entry
                0x08001458       0x38 build/applications/application.o
 .text.led_thread_entry
                0x08001490       0x38 build/applications/application.o
 .text.rt_application_init
                0x080014c8       0x30 build/applications/application.o
                0x080014c8                rt_application_init
 .text.rtthread_startup
                0x080014f8       0x44 build/applications/main.o
                0x080014f8                rtthread_startup
 .text.startup.main
                0x0800153c       0x10 build/applications/main.o
                0x0800153c                main
 .text.rt_system_tick_init
                0x0800154c        0x4 build/kernel/src/clock.o
                0x0800154c                rt_system_tick_init
 .text.rt_tick_get
                0x08001550        0xc build/kernel/src/clock.o
                0x08001550                rt_tick_get
 .text.rt_tick_increase
                0x0800155c       0x2c build/kernel/src/clock.o
                0x0800155c                rt_tick_increase
 .text.rti_end  0x08001588        0x4 build/kernel/src/components.o
 .text.rti_board_end
                0x0800158c        0x4 build/kernel/src/components.o
 .text.rti_start
                0x08001590        0x4 build/kernel/src/components.o
 .text.rti_board_start
                0x08001594        0x4 build/kernel/src/components.o
 .text.rt_components_board_init
                0x08001598       0x50 build/kernel/src/components.o
                0x08001598                rt_components_board_init
 .text.rt_components_init
                0x080015e8       0x5c build/kernel/src/components.o
                0x080015e8                rt_components_init
 .text.rt_device_find
                0x08001644       0x60 build/kernel/src/device.o
                0x08001644                rt_device_find
 .text.rt_device_register
                0x080016a4       0x30 build/kernel/src/device.o
                0x080016a4                rt_device_register
 .text.rt_device_open
                0x080016d4       0x9c build/kernel/src/device.o
                0x080016d4                rt_device_open
 .text.rt_device_close
                0x08001770       0x50 build/kernel/src/device.o
                0x08001770                rt_device_close
 .text.rt_device_read
                0x080017c0       0x5c build/kernel/src/device.o
                0x080017c0                rt_device_read
 .text.rt_device_write
                0x0800181c       0x5c build/kernel/src/device.o
                0x0800181c                rt_device_write
 .text.rt_device_set_rx_indicate
                0x08001878       0x28 build/kernel/src/device.o
                0x08001878                rt_device_set_rx_indicate
 .text.rt_thread_idle_excute
                0x080018a0       0xb0 build/kernel/src/idle.o
                0x080018a0                rt_thread_idle_excute
 .text.rt_thread_idle_entry
                0x08001950        0x8 build/kernel/src/idle.o
 .text.rt_thread_idle_init
                0x08001958       0x3c build/kernel/src/idle.o
                0x08001958                rt_thread_idle_init
 .text.rt_sem_init
                0x08001994       0x3c build/kernel/src/ipc.o
                0x08001994                rt_sem_init
 .text.rt_sem_take
                0x080019d0      0x154 build/kernel/src/ipc.o
                0x080019d0                rt_sem_take
 .text.rt_sem_release
                0x08001b24       0x38 build/kernel/src/ipc.o
                0x08001b24                rt_sem_release
 .text.rt_interrupt_enter
                0x08001b5c       0x1c build/kernel/src/irq.o
                0x08001b5c                rt_interrupt_enter
 .text.rt_interrupt_leave
                0x08001b78       0x1c build/kernel/src/irq.o
                0x08001b78                rt_interrupt_leave
 .text.rt_interrupt_get_nest
                0x08001b94        0xc build/kernel/src/irq.o
                0x08001b94                rt_interrupt_get_nest
 .text.print_number
                0x08001ba0      0x1f0 build/kernel/src/kservice.o
 .text.rt_set_errno
                0x08001d90       0x24 build/kernel/src/kservice.o
                0x08001d90                rt_set_errno
 .text.rt_memset
                0x08001db4       0x14 build/kernel/src/kservice.o
                0x08001db4                memset
                0x08001db4                rt_memset
 .text.rt_memcpy
                0x08001dc8       0x14 build/kernel/src/kservice.o
                0x08001dc8                memcpy
                0x08001dc8                rt_memcpy
 .text.rt_memmove
                0x08001ddc       0x30 build/kernel/src/kservice.o
                0x08001ddc                memmove
                0x08001ddc                rt_memmove
 .text.rt_strncpy
                0x08001e0c       0x30 build/kernel/src/kservice.o
                0x08001e0c                rt_strncpy
 .text.rt_strncmp
                0x08001e3c       0x40 build/kernel/src/kservice.o
                0x08001e3c                rt_strncmp
 .text.rt_strlen
                0x08001e7c       0x18 build/kernel/src/kservice.o
                0x08001e7c                rt_strlen
                0x08001e7c                strlen
 .text.rt_vsnprintf
                0x08001e94      0x3d4 build/kernel/src/kservice.o
                0x08001e94                rt_vsnprintf
 .text.rt_console_get_device
                0x08002268        0xc build/kernel/src/kservice.o
                0x08002268                rt_console_get_device
 .text.rt_console_set_device
                0x08002274       0x2c build/kernel/src/kservice.o
                0x08002274                rt_console_set_device
 .text.rt_hw_console_output
                0x080022a0        0x4 build/kernel/src/kservice.o
                0x080022a0                rt_hw_console_output
 .text.rt_kprintf
                0x080022a4       0x58 build/kernel/src/kservice.o
                0x080022a4                rt_kprintf
 .text.rt_show_version
                0x080022fc       0x40 build/kernel/src/kservice.o
                0x080022fc                rt_show_version
 .text.__rt_ffs
                0x0800233c       0x50 build/kernel/src/kservice.o
                0x0800233c                __rt_ffs
 .text.rt_assert_handler
                0x0800238c       0x38 build/kernel/src/kservice.o
                0x0800238c                rt_assert_handler
 .text.plug_holes
                0x080023c4       0xb8 build/kernel/src/mem.o
 .text.rt_system_heap_init
                0x0800247c       0xc8 build/kernel/src/mem.o
                0x0800247c                rt_system_heap_init
 .text.rt_malloc
                0x08002544      0x1e4 build/kernel/src/mem.o
                0x08002544                rt_malloc
 .text.rt_free  0x08002728      0x118 build/kernel/src/mem.o
                0x08002728                rt_free
 .text.rt_system_object_init
                0x08002840        0x4 build/kernel/src/object.o
                0x08002840                rt_system_object_init
 .text.rt_object_init
                0x08002844       0x3c build/kernel/src/object.o
                0x08002844                rt_object_init
 .text.rt_object_detach
                0x08002880       0x38 build/kernel/src/object.o
                0x08002880                rt_object_detach
 .text.rt_object_allocate
                0x080028b8       0x7c build/kernel/src/object.o
                0x080028b8                rt_object_allocate
 .text.rt_object_delete
                0x08002934       0x58 build/kernel/src/object.o
                0x08002934                rt_object_delete
 .text.rt_object_is_systemobject
                0x0800298c       0x24 build/kernel/src/object.o
                0x0800298c                rt_object_is_systemobject
 .text.rt_system_scheduler_init
                0x080029b0       0x48 build/kernel/src/scheduler.o
                0x080029b0                rt_system_scheduler_init
 .text.rt_system_scheduler_start
                0x080029f8       0x30 build/kernel/src/scheduler.o
                0x080029f8                rt_system_scheduler_start
 .text.rt_schedule
                0x08002a28       0xcc build/kernel/src/scheduler.o
                0x08002a28                rt_schedule
 .text.rt_schedule_insert_thread
                0x08002af4       0x58 build/kernel/src/scheduler.o
                0x08002af4                rt_schedule_insert_thread
 .text.rt_schedule_remove_thread
                0x08002b4c       0x5c build/kernel/src/scheduler.o
                0x08002b4c                rt_schedule_remove_thread
 .text.rt_enter_critical
                0x08002ba8       0x18 build/kernel/src/scheduler.o
                0x08002ba8                rt_enter_critical
 .text.rt_exit_critical
                0x08002bc0       0x2c build/kernel/src/scheduler.o
                0x08002bc0                rt_exit_critical
 .text.rt_thread_exit
                0x08002bec       0x5c build/kernel/src/thread.o
                0x08002bec                rt_thread_exit
 .text.rt_thread_timeout
                0x08002c48       0x5c build/kernel/src/thread.o
                0x08002c48                rt_thread_timeout
 .text._rt_thread_init.isra.0
                0x08002ca4       0x8c build/kernel/src/thread.o
 .text.rt_thread_init
                0x08002d30       0x6c build/kernel/src/thread.o
                0x08002d30                rt_thread_init
 .text.rt_thread_self
                0x08002d9c        0xc build/kernel/src/thread.o
                0x08002d9c                rt_thread_self
 .text.rt_thread_create
                0x08002da8       0x58 build/kernel/src/thread.o
                0x08002da8                rt_thread_create
 .text.rt_thread_yield
                0x08002e00       0x54 build/kernel/src/thread.o
                0x08002e00                rt_thread_yield
 .text.rt_thread_suspend
                0x08002e54       0x50 build/kernel/src/thread.o
                0x08002e54                rt_thread_suspend
 .text.rt_thread_sleep
                0x08002ea4       0x64 build/kernel/src/thread.o
                0x08002ea4                rt_thread_sleep
 .text.rt_thread_delay
                0x08002f08        0x8 build/kernel/src/thread.o
                0x08002f08                rt_thread_delay
 .text.rt_thread_resume
                0x08002f10       0x5c build/kernel/src/thread.o
                0x08002f10                rt_thread_resume
 .text.rt_thread_startup
                0x08002f6c       0x64 build/kernel/src/thread.o
                0x08002f6c                rt_thread_startup
 .text.rt_timer_init
                0x08002fd0       0x5c build/kernel/src/timer.o
                0x08002fd0                rt_timer_init
 .text.rt_timer_detach
                0x0800302c       0x40 build/kernel/src/timer.o
                0x0800302c                rt_timer_detach
 .text.rt_timer_start
                0x0800306c       0xbc build/kernel/src/timer.o
                0x0800306c                rt_timer_start
 .text.rt_timer_stop
                0x08003128       0x50 build/kernel/src/timer.o
                0x08003128                rt_timer_stop
 .text.rt_timer_control
                0x08003178       0x54 build/kernel/src/timer.o
                0x08003178                rt_timer_control
 .text.rt_timer_check
                0x080031cc       0x8c build/kernel/src/timer.o
                0x080031cc                rt_timer_check
 .text.rt_system_timer_init
                0x08003258        0xc build/kernel/src/timer.o
                0x08003258                rt_system_timer_init
 .text.rt_system_timer_thread_init
                0x08003264        0x4 build/kernel/src/timer.o
                0x08003264                rt_system_timer_thread_init
 .text.rt_hw_stack_init
                0x08003268       0x34 build/kernel/libcpu/arm/cortex-m0/cpuport.o
                0x08003268                rt_hw_stack_init
 .text.rt_hw_hard_fault_exception
                0x0800329c       0x7c build/kernel/libcpu/arm/cortex-m0/cpuport.o
                0x0800329c                rt_hw_hard_fault_exception
 .text.rt_dma_calc_recved_len
                0x08003318       0x48 build/kernel/components/drivers/serial/serial.o
 .text.rt_serial_init
                0x08003360       0x38 build/kernel/components/drivers/serial/serial.o
 .text.rt_serial_open
                0x08003398      0x1dc build/kernel/components/drivers/serial/serial.o
 .text.rt_serial_control
                0x08003574       0x9c build/kernel/components/drivers/serial/serial.o
 .text.rt_serial_write
                0x08003610      0x118 build/kernel/components/drivers/serial/serial.o
 .text.rt_serial_read
                0x08003728      0x234 build/kernel/components/drivers/serial/serial.o
 .text.rt_serial_close
                0x0800395c      0x148 build/kernel/components/drivers/serial/serial.o
 .text.rt_hw_serial_register
                0x08003aa4       0x6c build/kernel/components/drivers/serial/serial.o
                0x08003aa4                rt_hw_serial_register
 .text.rt_hw_serial_isr
                0x08003b10      0x200 build/kernel/components/drivers/serial/serial.o
                0x08003b10                rt_hw_serial_isr
 .text.rt_completion_init
                0x08003d10       0x30 build/kernel/components/drivers/src/completion.o
                0x08003d10                rt_completion_init
 .text.rt_completion_wait
                0x08003d40       0xf4 build/kernel/components/drivers/src/completion.o
                0x08003d40                rt_completion_wait
 .text.rt_completion_done
                0x08003e34       0x4c build/kernel/components/drivers/src/completion.o
                0x08003e34                rt_completion_done
 .text.rt_data_queue_init
                0x08003e80       0x54 build/kernel/components/drivers/src/dataqueue.o
                0x08003e80                rt_data_queue_init
 .text.rt_data_queue_push
                0x08003ed4      0x144 build/kernel/components/drivers/src/dataqueue.o
                0x08003ed4                rt_data_queue_push
 .text.rt_data_queue_pop
                0x08004018      0x19c build/kernel/components/drivers/src/dataqueue.o
                0x08004018                rt_data_queue_pop
 .text.rt_data_queue_peak
                0x080041b4       0x60 build/kernel/components/drivers/src/dataqueue.o
                0x080041b4                rt_data_queue_peak
 .text.strncmp  0x08004214       0x40 build/kernel/components/libc/minilibc/string.o
                0x08004214                strncmp
 .text.finsh_rx_ind
                0x08004254       0x2c build/kernel/components/finsh/shell.o
 .text.finsh_system_init
                0x08004280       0x80 build/kernel/components/finsh/shell.o
                0x08004280                finsh_system_init
 .text.finsh_get_prompt
                0x08004300       0x4c build/kernel/components/finsh/shell.o
                0x08004300                finsh_get_prompt
 .text.shell_handle_history
                0x0800434c       0x28 build/kernel/components/finsh/shell.o
 .text.finsh_thread_entry
                0x08004374      0x41c build/kernel/components/finsh/shell.o
                0x08004374                finsh_thread_entry
 .text.finsh_set_device
                0x08004790       0x94 build/kernel/components/finsh/shell.o
                0x08004790                finsh_set_device
 .text.object_name_maxlen
                0x08004824       0x40 build/kernel/components/finsh/cmd.o
 .text.hello    0x08004864       0x10 build/kernel/components/finsh/cmd.o
                0x08004864                hello
 .text.version  0x08004874        0xc build/kernel/components/finsh/cmd.o
                0x08004874                version
 .text.list_thread
                0x08004880      0x11c build/kernel/components/finsh/cmd.o
                0x08004880                list_thread
 .text.list_sem
                0x0800499c      0x108 build/kernel/components/finsh/cmd.o
                0x0800499c                list_sem
 .text.list_timer
                0x08004aa4       0xd4 build/kernel/components/finsh/cmd.o
                0x08004aa4                list_timer
 .text.list     0x08004b78       0x64 build/kernel/components/finsh/cmd.o
                0x08004b78                list
 .text.msh_is_used
                0x08004bdc        0x4 build/kernel/components/finsh/msh.o
                0x08004bdc                msh_is_used
 .text.msh_help
                0x08004be0       0x70 build/kernel/components/finsh/msh.o
                0x08004be0                msh_help
 .text.msh_exec
                0x08004c50      0x1c0 build/kernel/components/finsh/msh.o
                0x08004c50                msh_exec
 .text.msh_auto_complete
                0x08004e10       0xe8 build/kernel/components/finsh/msh.o
                0x08004e10                msh_auto_complete
 *(.rodata)
 .rodata        0x08004ef8       0x20 build/HAL_Libraries/STM32F0xx_HAL_Driver/Src/stm32f0xx_hal_rcc.o
 .rodata        0x08004f18        0x8 build/drivers/usart.o
 *(.rodata*)
 .rodata.AHBPrescTable
                0x08004f20       0x10 build/HAL_Libraries/CMSIS/Device/ST/STM32F0xx/Source/Templates/system_stm32f0xx.o
                0x08004f20                AHBPrescTable
 .rodata.APBPrescTable
                0x08004f30        0x8 build/HAL_Libraries/CMSIS/Device/ST/STM32F0xx/Source/Templates/system_stm32f0xx.o
                0x08004f30                APBPrescTable
 .rodata.CSWTCH.50
                0x08004f38        0x4 build/HAL_Libraries/STM32F0xx_HAL_Driver/Src/stm32f0xx_hal_uart.o
 .rodata.str1.4
                0x08004f3c        0x6 build/drivers/board.o
 *fill*         0x08004f42        0x2 00000000
 .rodata.__rti_rt_hw_led_init_name
                0x08004f44        0xf build/drivers/led.o
                0x08004f44                __rti_rt_hw_led_init_name
 *fill*         0x08004f53        0x1 00000000
 .rodata.__FUNCTION__.7408
                0x08004f54        0xe build/drivers/usart.o
 *fill*         0x08004f62        0x2 00000000
 .rodata.__rti_stm32_hw_usart_init_name
                0x08004f64       0x14 build/drivers/usart.o
                0x08004f64                __rti_stm32_hw_usart_init_name
 .rodata.__FUNCTION__.7417
                0x08004f78        0xb build/drivers/usart.o
 *fill*         0x08004f83        0x1 00000000
 .rodata.__FUNCTION__.7431
                0x08004f84        0x9 build/drivers/usart.o
 *fill*         0x08004f8d        0x3 00000000
 .rodata.__FUNCTION__.7426
                0x08004f90        0xb build/drivers/usart.o
 *fill*         0x08004f9b        0x1 00000000
 .rodata.stm32_uart_ops
                0x08004f9c       0x14 build/drivers/usart.o
 .rodata.str1.4
                0x08004fb0       0x34 build/drivers/usart.o
                                 0x3c (size before relaxing)
 .rodata.__FUNCTION__.7388
                0x08004fe4       0x10 build/drivers/usart.o
 .rodata.str1.4
                0x08004ff4       0x25 build/applications/application.o
                                 0x2d (size before relaxing)
 *fill*         0x08005019        0x3 00000000
 .rodata.__rti_rti_board_end_name
                0x0800501c        0xe build/kernel/src/components.o
                0x0800501c                __rti_rti_board_end_name
 *fill*         0x0800502a        0x2 00000000
 .rodata.str1.4
                0x0800502c       0x3a build/kernel/src/components.o
 *fill*         0x08005066        0x2 00000000
 .rodata.__rti_rti_board_start_name
                0x08005068       0x10 build/kernel/src/components.o
                0x08005068                __rti_rti_board_start_name
 .rodata.__rti_rti_end_name
                0x08005078        0x8 build/kernel/src/components.o
                0x08005078                __rti_rti_end_name
 .rodata.__rti_rti_start_name
                0x08005080        0xa build/kernel/src/components.o
                0x08005080                __rti_rti_start_name
 *fill*         0x0800508a        0x2 00000000
 .rodata.__FUNCTION__.4741
                0x0800508c       0x10 build/kernel/src/device.o
 .rodata.__FUNCTION__.4754
                0x0800509c       0x1a build/kernel/src/device.o
 *fill*         0x080050b6        0x2 00000000
 .rodata.str1.4
                0x080050b8       0x5c build/kernel/src/device.o
 .rodata.__FUNCTION__.4722
                0x08005114        0xf build/kernel/src/device.o
 *fill*         0x08005123        0x1 00000000
 .rodata.__FUNCTION__.4727
                0x08005124       0x10 build/kernel/src/device.o
 .rodata.__FUNCTION__.4734
                0x08005134        0xf build/kernel/src/device.o
 *fill*         0x08005143        0x1 00000000
 .rodata.__FUNCTION__.4763
                0x08005144       0x16 build/kernel/src/idle.o
 *fill*         0x0800515a        0x2 00000000
 .rodata.str1.4
                0x0800515c       0x2a build/kernel/src/idle.o
                                 0x2e (size before relaxing)
 *fill*         0x08005186        0x2 00000000
 .rodata.__FUNCTION__.4808
                0x08005188        0xc build/kernel/src/ipc.o
 .rodata.str1.4
                0x08005194       0x47 build/kernel/src/ipc.o
                                 0x6f (size before relaxing)
 *fill*         0x080051db        0x1 00000000
 .rodata.__FUNCTION__.4784
                0x080051dc        0xc build/kernel/src/ipc.o
 .rodata.rt_vsnprintf
                0x080051e8      0x2a0 build/kernel/src/kservice.o
 .rodata.small_digits.4900
                0x08005488       0x11 build/kernel/src/kservice.o
 *fill*         0x08005499        0x3 00000000
 .rodata.large_digits.4901
                0x0800549c       0x11 build/kernel/src/kservice.o
 *fill*         0x080054ad        0x3 00000000
 .rodata.str1.4
                0x080054b0       0xc7 build/kernel/src/kservice.o
 *fill*         0x08005577        0x1 00000000
 .rodata.__lowest_bit_bitmap
                0x08005578      0x100 build/kernel/src/kservice.o
                0x08005578                __lowest_bit_bitmap
 .rodata.__FUNCTION__.4816
                0x08005678        0x8 build/kernel/src/mem.o
 .rodata.__FUNCTION__.4767
                0x08005680        0xb build/kernel/src/mem.o
 *fill*         0x0800568b        0x1 00000000
 .rodata.__FUNCTION__.4776
                0x0800568c       0x14 build/kernel/src/mem.o
 .rodata.str1.4
                0x080056a0      0x25e build/kernel/src/mem.o
                                0x286 (size before relaxing)
 *fill*         0x080058fe        0x2 00000000
 .rodata.__FUNCTION__.4785
                0x08005900        0xa build/kernel/src/mem.o
 *fill*         0x0800590a        0x2 00000000
 .rodata.__FUNCTION__.4782
                0x0800590c       0x11 build/kernel/src/object.o
 *fill*         0x0800591d        0x3 00000000
 .rodata.str1.4
                0x08005920       0x3d build/kernel/src/object.o
                                 0x65 (size before relaxing)
 *fill*         0x0800595d        0x3 00000000
 .rodata.__FUNCTION__.4768
                0x08005960       0x11 build/kernel/src/object.o
 *fill*         0x08005971        0x3 00000000
 .rodata.__FUNCTION__.4777
                0x08005974       0x13 build/kernel/src/object.o
 *fill*         0x08005987        0x1 00000000
 .rodata.__FUNCTION__.4786
                0x08005988       0x1a build/kernel/src/object.o
 *fill*         0x080059a2        0x2 00000000
 .rodata.__FUNCTION__.4798
                0x080059a4       0x1a build/kernel/src/scheduler.o
 *fill*         0x080059be        0x2 00000000
 .rodata.__FUNCTION__.4762
                0x080059c0       0x1a build/kernel/src/scheduler.o
 *fill*         0x080059da        0x2 00000000
 .rodata.str1.4
                0x080059dc       0x65 build/kernel/src/scheduler.o
 *fill*         0x08005a41        0x3 00000000
 .rodata.__FUNCTION__.4793
                0x08005a44       0x1a build/kernel/src/scheduler.o
 *fill*         0x08005a5e        0x2 00000000
 .rodata.__FUNCTION__.4845
                0x08005a60       0x11 build/kernel/src/thread.o
 *fill*         0x08005a71        0x3 00000000
 .rodata.__FUNCTION__.4820
                0x08005a74       0x10 build/kernel/src/thread.o
 .rodata.str1.4
                0x08005a84       0x7f build/kernel/src/thread.o
                                 0x93 (size before relaxing)
 *fill*         0x08005b03        0x1 00000000
 .rodata.__FUNCTION__.4788
                0x08005b04       0x12 build/kernel/src/thread.o
 *fill*         0x08005b16        0x2 00000000
 .rodata.__FUNCTION__.4769
                0x08005b18       0x10 build/kernel/src/thread.o
 .rodata.__FUNCTION__.4781
                0x08005b28        0xf build/kernel/src/thread.o
 *fill*         0x08005b37        0x1 00000000
 .rodata.__FUNCTION__.4840
                0x08005b38       0x12 build/kernel/src/thread.o
 *fill*         0x08005b4a        0x2 00000000
 .rodata.__FUNCTION__.4850
                0x08005b4c       0x12 build/kernel/src/thread.o
 *fill*         0x08005b5e        0x2 00000000
 .rodata.__FUNCTION__.4812
                0x08005b60        0xf build/kernel/src/timer.o
 *fill*         0x08005b6f        0x1 00000000
 .rodata.str1.4
                0x08005b70       0x37 build/kernel/src/timer.o
 *fill*         0x08005ba7        0x1 00000000
 .rodata.__FUNCTION__.4783
                0x08005ba8        0xe build/kernel/src/timer.o
 *fill*         0x08005bb6        0x2 00000000
 .rodata.__FUNCTION__.4829
                0x08005bb8        0xe build/kernel/src/timer.o
 *fill*         0x08005bc6        0x2 00000000
 .rodata.__FUNCTION__.4835
                0x08005bc8       0x11 build/kernel/src/timer.o
 *fill*         0x08005bd9        0x3 00000000
 .rodata.__FUNCTION__.4788
                0x08005bdc       0x10 build/kernel/src/timer.o
 .rodata.str1.4
                0x08005bec       0x9a build/kernel/libcpu/arm/cortex-m0/cpuport.o
 *fill*         0x08005c86        0x2 00000000
 .rodata.__FUNCTION__.5119
                0x08005c88       0x16 build/kernel/components/drivers/serial/serial.o
 *fill*         0x08005c9e        0x2 00000000
 .rodata.__FUNCTION__.5015
                0x08005ca0        0xf build/kernel/components/drivers/serial/serial.o
 *fill*         0x08005caf        0x1 00000000
 .rodata.__FUNCTION__.5077
                0x08005cb0       0x10 build/kernel/components/drivers/serial/serial.o
 .rodata.__FUNCTION__.5128
                0x08005cc0       0x11 build/kernel/components/drivers/serial/serial.o
 *fill*         0x08005cd1        0x3 00000000
 .rodata.__FUNCTION__.5023
                0x08005cd4       0x17 build/kernel/components/drivers/serial/serial.o
 *fill*         0x08005ceb        0x1 00000000
 .rodata.__FUNCTION__.5090
                0x08005cec        0xf build/kernel/components/drivers/serial/serial.o
 *fill*         0x08005cfb        0x1 00000000
 .rodata.__FUNCTION__.5042
                0x08005cfc        0xf build/kernel/components/drivers/serial/serial.o
 *fill*         0x08005d0b        0x1 00000000
 .rodata.__FUNCTION__.5029
                0x08005d0c       0x1d build/kernel/components/drivers/serial/serial.o
 *fill*         0x08005d29        0x3 00000000
 .rodata.__FUNCTION__.5035
                0x08005d2c       0x1d build/kernel/components/drivers/serial/serial.o
 *fill*         0x08005d49        0x3 00000000
 .rodata.__FUNCTION__.5098
                0x08005d4c       0x10 build/kernel/components/drivers/serial/serial.o
 .rodata.str1.4
                0x08005d5c      0x102 build/kernel/components/drivers/serial/serial.o
                                0x126 (size before relaxing)
 *fill*         0x08005e5e        0x2 00000000
 .rodata.__FUNCTION__.5105
                0x08005e60       0x12 build/kernel/components/drivers/serial/serial.o
 *fill*         0x08005e72        0x2 00000000
 .rodata.__FUNCTION__.5061
                0x08005e74        0xf build/kernel/components/drivers/serial/serial.o
 *fill*         0x08005e83        0x1 00000000
 .rodata.__FUNCTION__.5002
                0x08005e84        0xf build/kernel/components/drivers/serial/serial.o
 *fill*         0x08005e93        0x1 00000000
 .rodata.__FUNCTION__.5067
                0x08005e94        0xf build/kernel/components/drivers/serial/serial.o
 *fill*         0x08005ea3        0x1 00000000
 .rodata.__FUNCTION__.4978
                0x08005ea4       0x13 build/kernel/components/drivers/src/completion.o
 *fill*         0x08005eb7        0x1 00000000
 .rodata.__FUNCTION__.4986
                0x08005eb8       0x13 build/kernel/components/drivers/src/completion.o
 *fill*         0x08005ecb        0x1 00000000
 .rodata.__FUNCTION__.4993
                0x08005ecc       0x13 build/kernel/components/drivers/src/completion.o
 *fill*         0x08005edf        0x1 00000000
 .rodata.str1.4
                0x08005ee0       0x47 build/kernel/components/drivers/src/completion.o
                                 0x6e (size before relaxing)
 *fill*         0x08005f27        0x1 00000000
 .rodata.__FUNCTION__.4994
                0x08005f28       0x13 build/kernel/components/drivers/src/dataqueue.o
 *fill*         0x08005f3b        0x1 00000000
 .rodata.__FUNCTION__.5009
                0x08005f3c       0x12 build/kernel/components/drivers/src/dataqueue.o
 *fill*         0x08005f4e        0x2 00000000
 .rodata.__FUNCTION__.5021
                0x08005f50       0x13 build/kernel/components/drivers/src/dataqueue.o
 *fill*         0x08005f63        0x1 00000000
 .rodata.__FUNCTION__.4984
                0x08005f64       0x13 build/kernel/components/drivers/src/dataqueue.o
 *fill*         0x08005f77        0x1 00000000
 .rodata.str1.4
                0x08005f78       0x38 build/kernel/components/drivers/src/dataqueue.o
                                 0x60 (size before relaxing)
 .rodata.__rti_finsh_system_init_name
                0x08005fb0       0x12 build/kernel/components/finsh/shell.o
                0x08005fb0                __rti_finsh_system_init_name
 *fill*         0x08005fc2        0x2 00000000
 .rodata.__FUNCTION__.5039
                0x08005fc4       0x13 build/kernel/components/finsh/shell.o
 *fill*         0x08005fd7        0x1 00000000
 .rodata.str1.4
                0x08005fd8       0xa8 build/kernel/components/finsh/shell.o
                                 0xac (size before relaxing)
 .rodata.__FUNCTION__.5011
                0x08006080       0x11 build/kernel/components/finsh/shell.o
 *fill*         0x08006091        0x3 00000000
 .rodata.__FUNCTION__.5006
                0x08006094        0xd build/kernel/components/finsh/shell.o
 *fill*         0x080060a1        0x3 00000000
 .rodata.str1.4
                0x080060a4       0x3b build/kernel/components/finsh/symbol.o
 *fill*         0x080060df        0x1 00000000
 .rodata.str1.4
                0x080060e0      0x3a5 build/kernel/components/finsh/cmd.o
                                0x3b1 (size before relaxing)
 *fill*         0x08006485        0x3 00000000
 .rodata.str1.4
                0x08006488       0x60 build/kernel/components/finsh/msh.o
                                 0x68 (size before relaxing)
 *(.glue_7)
 .glue_7        0x080064e8        0x0 linker stubs
 *(.glue_7t)
 .glue_7t       0x080064e8        0x0 linker stubs
 *(.gnu.linkonce.t*)
                0x080064e8                . = ALIGN (0x4)
                0x080064e8                __fsymtab_start = .
 *(FSymTab)
                0x080064e8                __fsymtab_end = .
                0x080064e8                . = ALIGN (0x4)
                0x080064e8                __vsymtab_start = .
 *(VSymTab)
                0x080064e8                __vsymtab_end = .
                0x080064e8                . = ALIGN (0x4)
                0x080064e8                . = ALIGN (0x4)
                0x080064e8                __rt_init_start = .
 *(SORT(.rti_fn*))
 .rti_fn.0      0x080064e8        0x8 build/kernel/src/components.o
                0x080064e8                __rt_init_desc_rti_start
 .rti_fn.0.end  0x080064f0        0x8 build/kernel/src/components.o
                0x080064f0                __rt_init_desc_rti_board_start
 .rti_fn.1      0x080064f8        0x8 build/drivers/usart.o
                0x080064f8                __rt_init_desc_stm32_hw_usart_init
 .rti_fn.1.end  0x08006500        0x8 build/kernel/src/components.o
                0x08006500                __rt_init_desc_rti_board_end
 .rti_fn.2      0x08006508        0x8 build/drivers/led.o
                0x08006508                __rt_init_desc_rt_hw_led_init
 .rti_fn.3      0x08006510        0x8 build/kernel/components/finsh/shell.o
                0x08006510                __rt_init_desc_finsh_system_init
 .rti_fn.6.end  0x08006518        0x8 build/kernel/src/components.o
                0x08006518                __rt_init_desc_rti_end
                0x08006520                __rt_init_end = .
                0x08006520                . = ALIGN (0x4)
                0x08006520                . = ALIGN (0x4)
                0x08006520                _etext = .
                0x08006520                __exidx_start = .

.vfp11_veneer   0x08006520        0x0
 .vfp11_veneer  0x08006520        0x0 linker stubs

.v4_bx          0x08006520        0x0
 .v4_bx         0x08006520        0x0 linker stubs

.init           0x08006520        0x4
 .init          0x08006520        0x4 /home/yzeze/Library/gcc-arm-none-eabi-5_4-2016q3/bin/../lib/gcc/arm-none-eabi/5.4.1/armv6-m/crti.o
                0x08006520                _init

.fini           0x08006524        0x4
 .fini          0x08006524        0x4 /home/yzeze/Library/gcc-arm-none-eabi-5_4-2016q3/bin/../lib/gcc/arm-none-eabi/5.4.1/armv6-m/crti.o
                0x08006524                _fini

.iplt           0x08006528        0x0
 .iplt          0x08006528        0x0 /home/yzeze/Library/gcc-arm-none-eabi-5_4-2016q3/bin/../lib/gcc/arm-none-eabi/5.4.1/armv6-m/crtbegin.o

.rel.dyn        0x08006528        0x0
 .rel.iplt      0x08006528        0x0 /home/yzeze/Library/gcc-arm-none-eabi-5_4-2016q3/bin/../lib/gcc/arm-none-eabi/5.4.1/armv6-m/crtbegin.o

.ARM.exidx      0x08006528        0x0
 *(.ARM.exidx* .gnu.linkonce.armexidx.*)
                0x08006528                _sidata = .
                0x08006528                __exidx_end = .

.data           0x20000000       0xf0 load address 0x08006528
                0x20000000                . = ALIGN (0x4)
                0x20000000                _sdata = .
 *(.data)
 *(.data.*)
 .data.SystemCoreClock
                0x20000000        0x4 build/HAL_Libraries/CMSIS/Device/ST/STM32F0xx/Source/Templates/system_stm32f0xx.o
                0x20000000                SystemCoreClock
 .data.uart1    0x20000004       0x74 build/drivers/usart.o
                0x20000004                uart1
 .data.rt_object_container
                0x20000078       0x40 build/kernel/src/object.o
                0x20000078                rt_object_container
 .data._syscall_table_end
                0x200000b8        0x4 build/kernel/components/finsh/symbol.o
                0x200000b8                _syscall_table_end
 .data._syscall_table_begin
                0x200000bc        0x4 build/kernel/components/finsh/symbol.o
                0x200000bc                _syscall_table_begin
 .data._syscall_table
                0x200000c0       0x30 build/kernel/components/finsh/symbol.o
                0x200000c0                _syscall_table
 *(.gnu.linkonce.d*)
                0x200000f0                . = ALIGN (0x4)
                0x200000f0                _edata = .

.igot.plt       0x200000f0        0x0 load address 0x08006618
 .igot.plt      0x200000f0        0x0 /home/yzeze/Library/gcc-arm-none-eabi-5_4-2016q3/bin/../lib/gcc/arm-none-eabi/5.4.1/armv6-m/crtbegin.o

.stack          0x200000f0      0x100 load address 0x08006618
                0x200001f0                . = (. + _system_stack_size)
 *fill*         0x200000f0      0x100 
                0x200001f0                . = ALIGN (0x4)
                0x200001f0                _estack = .
                0x200001f0                __bss_start = .

.bss            0x200001f0      0x8cc load address 0x08006718
                0x200001f0                . = ALIGN (0x4)
                0x200001f0                _sbss = .
 *(.bss)
 *(.bss.*)
 .bss.rt_tick   0x200001f0        0x4 build/kernel/src/clock.o
 .bss.idle      0x200001f4       0x78 build/kernel/src/idle.o
 .bss.rt_thread_stack
                0x2000026c      0x100 build/kernel/src/idle.o
 .bss._errno    0x2000036c        0x4 build/kernel/src/kservice.o
 .bss.rt_log_buf.5011
                0x20000370       0x80 build/kernel/src/kservice.o
 .bss._console_device
                0x200003f0        0x4 build/kernel/src/kservice.o
 .bss.lfree     0x200003f4        0x4 build/kernel/src/mem.o
 .bss.used_mem  0x200003f8        0x4 build/kernel/src/mem.o
 .bss.mem_size_aligned
                0x200003fc        0x4 build/kernel/src/mem.o
 .bss.heap_end  0x20000400        0x4 build/kernel/src/mem.o
 .bss.heap_sem  0x20000404       0x20 build/kernel/src/mem.o
 .bss.heap_ptr  0x20000424        0x4 build/kernel/src/mem.o
 .bss.max_mem   0x20000428        0x4 build/kernel/src/mem.o
 .bss.rt_scheduler_lock_nest
                0x2000042c        0x2 build/kernel/src/scheduler.o
 *fill*         0x2000042e        0x2 
 .bss.rt_timer_list
                0x20000430        0x8 build/kernel/src/timer.o
 .bss.random_nr.4811
                0x20000438        0x4 build/kernel/src/timer.o
 .bss.finsh_prompt.5001
                0x2000043c       0x81 build/kernel/components/finsh/shell.o
 *fill*         0x200004bd        0x3 
 .bss.finsh_thread
                0x200004c0       0x78 build/kernel/components/finsh/shell.o
 .bss.finsh_thread_stack
                0x20000538      0x400 build/kernel/components/finsh/shell.o
 *(COMMON)
 COMMON         0x20000938        0x4 build/HAL_Libraries/STM32F0xx_HAL_Driver/Src/stm32f0xx_hal.o
                0x20000938                uwTick
 COMMON         0x2000093c       0x54 build/drivers/usart.o
                0x2000093c                serial1
 COMMON         0x20000990        0x1 build/kernel/src/irq.o
                0x20000990                rt_interrupt_nest
 *fill*         0x20000991        0x3 
 COMMON         0x20000994        0x4 build/kernel/src/kservice.o
                0x20000994                rt_assert_hook
 COMMON         0x20000998      0x114 build/kernel/src/scheduler.o
                0x20000998                rt_thread_priority_table
                0x20000a98                rt_current_priority
                0x20000a9c                rt_current_thread
                0x20000aa0                rt_thread_ready_priority_group
                0x20000aa4                rt_thread_defunct
 COMMON         0x20000aac        0xc build/kernel/libcpu/arm/cortex-m0/cpuport.o
                0x20000aac                rt_interrupt_to_thread
                0x20000ab0                rt_interrupt_from_thread
                0x20000ab4                rt_thread_switch_interrupt_flag
 COMMON         0x20000ab8        0x4 build/kernel/components/finsh/shell.o
                0x20000ab8                shell
                0x20000abc                . = ALIGN (0x4)
                0x20000abc                _ebss = .
 *(.bss.init)
                0x20000abc                __bss_end = .
                0x20000abc                _end = .

.stab
 *(.stab)

.stabstr
 *(.stabstr)

.stab.excl
 *(.stab.excl)

.stab.exclstr
 *(.stab.exclstr)

.stab.index
 *(.stab.index)

.stab.indexstr
 *(.stab.indexstr)

.comment        0x00000000       0x6e
 *(.comment)
 .comment       0x00000000       0x6e build/HAL_Libraries/CMSIS/Device/ST/STM32F0xx/Source/Templates/system_stm32f0xx.o
                                 0x6f (size before relaxing)
 .comment       0x0000006e       0x6f build/HAL_Libraries/STM32F0xx_HAL_Driver/Src/stm32f0xx_hal.o
 .comment       0x0000006e       0x6f build/HAL_Libraries/STM32F0xx_HAL_Driver/Src/stm32f0xx_hal_cortex.o
 .comment       0x0000006e       0x6f build/HAL_Libraries/STM32F0xx_HAL_Driver/Src/stm32f0xx_hal_gpio.o
 .comment       0x0000006e       0x6f build/HAL_Libraries/STM32F0xx_HAL_Driver/Src/stm32f0xx_hal_rcc.o
 .comment       0x0000006e       0x6f build/HAL_Libraries/STM32F0xx_HAL_Driver/Src/stm32f0xx_hal_rcc_ex.o
 .comment       0x0000006e       0x6f build/HAL_Libraries/STM32F0xx_HAL_Driver/Src/stm32f0xx_hal_uart.o
 .comment       0x0000006e       0x6f build/drivers/board.o
 .comment       0x0000006e       0x6f build/drivers/led.o
 .comment       0x0000006e       0x6f build/drivers/stm32f0xx_hal_msp.o
 .comment       0x0000006e       0x6f build/drivers/stm32f0xx_it.o
 .comment       0x0000006e       0x6f build/drivers/usart.o
 .comment       0x0000006e       0x6f build/applications/application.o
 .comment       0x0000006e       0x6f build/applications/main.o
 .comment       0x0000006e       0x6f build/kernel/src/clock.o
 .comment       0x0000006e       0x6f build/kernel/src/components.o
 .comment       0x0000006e       0x6f build/kernel/src/device.o
 .comment       0x0000006e       0x6f build/kernel/src/idle.o
 .comment       0x0000006e       0x6f build/kernel/src/ipc.o
 .comment       0x0000006e       0x6f build/kernel/src/irq.o
 .comment       0x0000006e       0x6f build/kernel/src/kservice.o
 .comment       0x0000006e       0x6f build/kernel/src/mem.o
 .comment       0x0000006e       0x6f build/kernel/src/object.o
 .comment       0x0000006e       0x6f build/kernel/src/scheduler.o
 .comment       0x0000006e       0x6f build/kernel/src/thread.o
 .comment       0x0000006e       0x6f build/kernel/src/timer.o
 .comment       0x0000006e       0x6f build/kernel/libcpu/arm/cortex-m0/cpuport.o
 .comment       0x0000006e       0x6f build/kernel/components/drivers/serial/serial.o
 .comment       0x0000006e       0x6f build/kernel/components/drivers/src/completion.o
 .comment       0x0000006e       0x6f build/kernel/components/drivers/src/dataqueue.o
 .comment       0x0000006e       0x6f build/kernel/components/libc/minilibc/string.o
 .comment       0x0000006e       0x6f build/kernel/components/finsh/shell.o
 .comment       0x0000006e       0x6f build/kernel/components/finsh/symbol.o
 .comment       0x0000006e       0x6f build/kernel/components/finsh/cmd.o
 .comment       0x0000006e       0x6f build/kernel/components/finsh/msh.o

.ARM.attributes
                0x00000000       0x28
 .ARM.attributes
                0x00000000       0x1e /home/yzeze/Library/gcc-arm-none-eabi-5_4-2016q3/bin/../lib/gcc/arm-none-eabi/5.4.1/armv6-m/crti.o
 .ARM.attributes
                0x0000001e       0x31 build/HAL_Libraries/CMSIS/Device/ST/STM32F0xx/Source/Templates/system_stm32f0xx.o
 .ARM.attributes
                0x0000004f       0x31 build/HAL_Libraries/STM32F0xx_HAL_Driver/Src/stm32f0xx_hal.o
 .ARM.attributes
                0x00000080       0x31 build/HAL_Libraries/STM32F0xx_HAL_Driver/Src/stm32f0xx_hal_cortex.o
 .ARM.attributes
                0x000000b1       0x31 build/HAL_Libraries/STM32F0xx_HAL_Driver/Src/stm32f0xx_hal_gpio.o
 .ARM.attributes
                0x000000e2       0x31 build/HAL_Libraries/STM32F0xx_HAL_Driver/Src/stm32f0xx_hal_rcc.o
 .ARM.attributes
                0x00000113       0x31 build/HAL_Libraries/STM32F0xx_HAL_Driver/Src/stm32f0xx_hal_rcc_ex.o
 .ARM.attributes
                0x00000144       0x31 build/HAL_Libraries/STM32F0xx_HAL_Driver/Src/stm32f0xx_hal_uart.o
 .ARM.attributes
                0x00000175       0x21 build/HAL_Libraries/CMSIS/Device/ST/STM32F0xx/Source/Templates/gcc/startup_stm32f0xx.o
 .ARM.attributes
                0x00000196       0x31 build/drivers/board.o
 .ARM.attributes
                0x000001c7       0x31 build/drivers/led.o
 .ARM.attributes
                0x000001f8       0x31 build/drivers/stm32f0xx_hal_msp.o
 .ARM.attributes
                0x00000229       0x31 build/drivers/stm32f0xx_it.o
 .ARM.attributes
                0x0000025a       0x31 build/drivers/usart.o
 .ARM.attributes
                0x0000028b       0x31 build/applications/application.o
 .ARM.attributes
                0x000002bc       0x31 build/applications/main.o
 .ARM.attributes
                0x000002ed       0x31 build/kernel/src/clock.o
 .ARM.attributes
                0x0000031e       0x31 build/kernel/src/components.o
 .ARM.attributes
                0x0000034f       0x31 build/kernel/src/device.o
 .ARM.attributes
                0x00000380       0x31 build/kernel/src/idle.o
 .ARM.attributes
                0x000003b1       0x31 build/kernel/src/ipc.o
 .ARM.attributes
                0x000003e2       0x31 build/kernel/src/irq.o
 .ARM.attributes
                0x00000413       0x31 build/kernel/src/kservice.o
 .ARM.attributes
                0x00000444       0x31 build/kernel/src/mem.o
 .ARM.attributes
                0x00000475       0x31 build/kernel/src/object.o
 .ARM.attributes
                0x000004a6       0x31 build/kernel/src/scheduler.o
 .ARM.attributes
                0x000004d7       0x31 build/kernel/src/thread.o
 .ARM.attributes
                0x00000508       0x31 build/kernel/src/timer.o
 .ARM.attributes
                0x00000539       0x31 build/kernel/libcpu/arm/cortex-m0/cpuport.o
 .ARM.attributes
                0x0000056a       0x21 build/kernel/libcpu/arm/cortex-m0/context_gcc.o
 .ARM.attributes
                0x0000058b       0x31 build/kernel/components/drivers/serial/serial.o
 .ARM.attributes
                0x000005bc       0x31 build/kernel/components/drivers/src/completion.o
 .ARM.attributes
                0x000005ed       0x31 build/kernel/components/drivers/src/dataqueue.o
 .ARM.attributes
                0x0000061e       0x31 build/kernel/components/libc/minilibc/string.o
 .ARM.attributes
                0x0000064f       0x31 build/kernel/components/finsh/shell.o
 .ARM.attributes
                0x00000680       0x31 build/kernel/components/finsh/symbol.o
 .ARM.attributes
                0x000006b1       0x31 build/kernel/components/finsh/cmd.o
 .ARM.attributes
                0x000006e2       0x31 build/kernel/components/finsh/msh.o
 .ARM.attributes
                0x00000713       0x1e /home/yzeze/Library/gcc-arm-none-eabi-5_4-2016q3/bin/../lib/gcc/arm-none-eabi/5.4.1/armv6-m/libgcc.a(_udivsi3.o)
 .ARM.attributes
                0x00000731       0x1e /home/yzeze/Library/gcc-arm-none-eabi-5_4-2016q3/bin/../lib/gcc/arm-none-eabi/5.4.1/armv6-m/libgcc.a(_dvmd_tls.o)

.debug
 *(.debug)

.line
 *(.line)

.debug_srcinfo
 *(.debug_srcinfo)

.debug_sfnames
 *(.debug_sfnames)

.debug_aranges  0x00000000      0xd38
 *(.debug_aranges)
 .debug_aranges
                0x00000000       0x28 build/HAL_Libraries/CMSIS/Device/ST/STM32F0xx/Source/Templates/system_stm32f0xx.o
 .debug_aranges
                0x00000028       0xb0 build/HAL_Libraries/STM32F0xx_HAL_Driver/Src/stm32f0xx_hal.o
 .debug_aranges
                0x000000d8       0x78 build/HAL_Libraries/STM32F0xx_HAL_Driver/Src/stm32f0xx_hal_cortex.o
 .debug_aranges
                0x00000150       0x58 build/HAL_Libraries/STM32F0xx_HAL_Driver/Src/stm32f0xx_hal_gpio.o
 .debug_aranges
                0x000001a8       0x80 build/HAL_Libraries/STM32F0xx_HAL_Driver/Src/stm32f0xx_hal_rcc.o
 .debug_aranges
                0x00000228       0x30 build/HAL_Libraries/STM32F0xx_HAL_Driver/Src/stm32f0xx_hal_rcc_ex.o
 .debug_aranges
                0x00000258      0x180 build/HAL_Libraries/STM32F0xx_HAL_Driver/Src/stm32f0xx_hal_uart.o
 .debug_aranges
                0x000003d8       0x28 build/HAL_Libraries/CMSIS/Device/ST/STM32F0xx/Source/Templates/gcc/startup_stm32f0xx.o
 .debug_aranges
                0x00000400       0x50 build/drivers/board.o
 .debug_aranges
                0x00000450       0x20 build/drivers/led.o
 .debug_aranges
                0x00000470       0x20 build/drivers/stm32f0xx_hal_msp.o
 .debug_aranges
                0x00000490       0x20 build/drivers/stm32f0xx_it.o
 .debug_aranges
                0x000004b0       0x58 build/drivers/usart.o
 .debug_aranges
                0x00000508       0x30 build/applications/application.o
 .debug_aranges
                0x00000538       0x30 build/applications/main.o
 .debug_aranges
                0x00000568       0x40 build/kernel/src/clock.o
 .debug_aranges
                0x000005a8       0x30 build/kernel/src/components.o
 .debug_aranges
                0x000005d8       0x78 build/kernel/src/device.o
 .debug_aranges
                0x00000650       0x38 build/kernel/src/idle.o
 .debug_aranges
                0x00000688       0x58 build/kernel/src/ipc.o
 .debug_aranges
                0x000006e0       0x30 build/kernel/src/irq.o
 .debug_aranges
                0x00000710      0x110 build/kernel/src/kservice.o
 .debug_aranges
                0x00000820       0x58 build/kernel/src/mem.o
 .debug_aranges
                0x00000878       0x58 build/kernel/src/object.o
 .debug_aranges
                0x000008d0       0x58 build/kernel/src/scheduler.o
 .debug_aranges
                0x00000928       0x98 build/kernel/src/thread.o
 .debug_aranges
                0x000009c0       0x70 build/kernel/src/timer.o
 .debug_aranges
                0x00000a30       0x28 build/kernel/libcpu/arm/cortex-m0/cpuport.o
 .debug_aranges
                0x00000a58       0x20 build/kernel/libcpu/arm/cortex-m0/context_gcc.o
 .debug_aranges
                0x00000a78       0x60 build/kernel/components/drivers/serial/serial.o
 .debug_aranges
                0x00000ad8       0x30 build/kernel/components/drivers/src/completion.o
 .debug_aranges
                0x00000b08       0x40 build/kernel/components/drivers/src/dataqueue.o
 .debug_aranges
                0x00000b48       0xd8 build/kernel/components/libc/minilibc/string.o
 .debug_aranges
                0x00000c20       0x70 build/kernel/components/finsh/shell.o
 .debug_aranges
                0x00000c90       0x18 build/kernel/components/finsh/symbol.o
 .debug_aranges
                0x00000ca8       0x58 build/kernel/components/finsh/cmd.o
 .debug_aranges
                0x00000d00       0x38 build/kernel/components/finsh/msh.o

.debug_pubnames
 *(.debug_pubnames)

.debug_info     0x00000000    0x150c5
 *(.debug_info .gnu.linkonce.wi.*)
 .debug_info    0x00000000      0x239 build/HAL_Libraries/CMSIS/Device/ST/STM32F0xx/Source/Templates/system_stm32f0xx.o
 .debug_info    0x00000239      0x5bf build/HAL_Libraries/STM32F0xx_HAL_Driver/Src/stm32f0xx_hal.o
 .debug_info    0x000007f8      0x785 build/HAL_Libraries/STM32F0xx_HAL_Driver/Src/stm32f0xx_hal_cortex.o
 .debug_info    0x00000f7d      0x5cd build/HAL_Libraries/STM32F0xx_HAL_Driver/Src/stm32f0xx_hal_gpio.o
 .debug_info    0x0000154a      0x95b build/HAL_Libraries/STM32F0xx_HAL_Driver/Src/stm32f0xx_hal_rcc.o
 .debug_info    0x00001ea5      0x384 build/HAL_Libraries/STM32F0xx_HAL_Driver/Src/stm32f0xx_hal_rcc_ex.o
 .debug_info    0x00002229     0x172b build/HAL_Libraries/STM32F0xx_HAL_Driver/Src/stm32f0xx_hal_uart.o
 .debug_info    0x00003954       0xaf build/HAL_Libraries/CMSIS/Device/ST/STM32F0xx/Source/Templates/gcc/startup_stm32f0xx.o
 .debug_info    0x00003a03      0x5e1 build/drivers/board.o
 .debug_info    0x00003fe4      0x3c8 build/drivers/led.o
 .debug_info    0x000043ac      0x2a9 build/drivers/stm32f0xx_hal_msp.o
 .debug_info    0x00004655       0x8a build/drivers/stm32f0xx_it.o
 .debug_info    0x000046df     0x151a build/drivers/usart.o
 .debug_info    0x00005bf9      0x5d6 build/applications/application.o
 .debug_info    0x000061cf      0x2ae build/applications/main.o
 .debug_info    0x0000647d      0x3f6 build/kernel/src/clock.o
 .debug_info    0x00006873      0x284 build/kernel/src/components.o
 .debug_info    0x00006af7      0xc27 build/kernel/src/device.o
 .debug_info    0x0000771e      0x644 build/kernel/src/idle.o
 .debug_info    0x00007d62      0xebf build/kernel/src/ipc.o
 .debug_info    0x00008c21      0x12a build/kernel/src/irq.o
 .debug_info    0x00008d4b     0x16c2 build/kernel/src/kservice.o
 .debug_info    0x0000a40d      0xbf0 build/kernel/src/mem.o
 .debug_info    0x0000affd      0x823 build/kernel/src/object.o
 .debug_info    0x0000b820      0x885 build/kernel/src/scheduler.o
 .debug_info    0x0000c0a5     0x1294 build/kernel/src/thread.o
 .debug_info    0x0000d339      0xc43 build/kernel/src/timer.o
 .debug_info    0x0000df7c      0x5a1 build/kernel/libcpu/arm/cortex-m0/cpuport.o
 .debug_info    0x0000e51d       0xad build/kernel/libcpu/arm/cortex-m0/context_gcc.o
 .debug_info    0x0000e5ca     0x1def build/kernel/components/drivers/serial/serial.o
 .debug_info    0x000103b9      0x799 build/kernel/components/drivers/src/completion.o
 .debug_info    0x00010b52      0xc52 build/kernel/components/drivers/src/dataqueue.o
 .debug_info    0x000117a4      0xe7f build/kernel/components/libc/minilibc/string.o
 .debug_info    0x00012623     0x1209 build/kernel/components/finsh/shell.o
 .debug_info    0x0001382c      0x16a build/kernel/components/finsh/symbol.o
 .debug_info    0x00013996     0x102f build/kernel/components/finsh/cmd.o
 .debug_info    0x000149c5      0x700 build/kernel/components/finsh/msh.o

.debug_abbrev   0x00000000     0x4c11
 *(.debug_abbrev)
 .debug_abbrev  0x00000000       0xf0 build/HAL_Libraries/CMSIS/Device/ST/STM32F0xx/Source/Templates/system_stm32f0xx.o
 .debug_abbrev  0x000000f0      0x206 build/HAL_Libraries/STM32F0xx_HAL_Driver/Src/stm32f0xx_hal.o
 .debug_abbrev  0x000002f6      0x273 build/HAL_Libraries/STM32F0xx_HAL_Driver/Src/stm32f0xx_hal_cortex.o
 .debug_abbrev  0x00000569      0x1de build/HAL_Libraries/STM32F0xx_HAL_Driver/Src/stm32f0xx_hal_gpio.o
 .debug_abbrev  0x00000747      0x251 build/HAL_Libraries/STM32F0xx_HAL_Driver/Src/stm32f0xx_hal_rcc.o
 .debug_abbrev  0x00000998      0x17a build/HAL_Libraries/STM32F0xx_HAL_Driver/Src/stm32f0xx_hal_rcc_ex.o
 .debug_abbrev  0x00000b12      0x2d6 build/HAL_Libraries/STM32F0xx_HAL_Driver/Src/stm32f0xx_hal_uart.o
 .debug_abbrev  0x00000de8       0x12 build/HAL_Libraries/CMSIS/Device/ST/STM32F0xx/Source/Templates/gcc/startup_stm32f0xx.o
 .debug_abbrev  0x00000dfa      0x1f2 build/drivers/board.o
 .debug_abbrev  0x00000fec      0x16b build/drivers/led.o
 .debug_abbrev  0x00001157       0xfe build/drivers/stm32f0xx_hal_msp.o
 .debug_abbrev  0x00001255       0x4b build/drivers/stm32f0xx_it.o
 .debug_abbrev  0x000012a0      0x371 build/drivers/usart.o
 .debug_abbrev  0x00001611      0x19a build/applications/application.o
 .debug_abbrev  0x000017ab      0x11c build/applications/main.o
 .debug_abbrev  0x000018c7      0x163 build/kernel/src/clock.o
 .debug_abbrev  0x00001a2a      0x11f build/kernel/src/components.o
 .debug_abbrev  0x00001b49      0x25d build/kernel/src/device.o
 .debug_abbrev  0x00001da6      0x230 build/kernel/src/idle.o
 .debug_abbrev  0x00001fd6      0x2a1 build/kernel/src/ipc.o
 .debug_abbrev  0x00002277       0xae build/kernel/src/irq.o
 .debug_abbrev  0x00002325      0x41c build/kernel/src/kservice.o
 .debug_abbrev  0x00002741      0x21b build/kernel/src/mem.o
 .debug_abbrev  0x0000295c      0x237 build/kernel/src/object.o
 .debug_abbrev  0x00002b93      0x2b2 build/kernel/src/scheduler.o
 .debug_abbrev  0x00002e45      0x32c build/kernel/src/thread.o
 .debug_abbrev  0x00003171      0x333 build/kernel/src/timer.o
 .debug_abbrev  0x000034a4      0x1ad build/kernel/libcpu/arm/cortex-m0/cpuport.o
 .debug_abbrev  0x00003651       0x14 build/kernel/libcpu/arm/cortex-m0/context_gcc.o
 .debug_abbrev  0x00003665      0x3bc build/kernel/components/drivers/serial/serial.o
 .debug_abbrev  0x00003a21      0x1ed build/kernel/components/drivers/src/completion.o
 .debug_abbrev  0x00003c0e      0x282 build/kernel/components/drivers/src/dataqueue.o
 .debug_abbrev  0x00003e90      0x313 build/kernel/components/libc/minilibc/string.o
 .debug_abbrev  0x000041a3      0x3d0 build/kernel/components/finsh/shell.o
 .debug_abbrev  0x00004573       0xa8 build/kernel/components/finsh/symbol.o
 .debug_abbrev  0x0000461b      0x331 build/kernel/components/finsh/cmd.o
 .debug_abbrev  0x0000494c      0x2c5 build/kernel/components/finsh/msh.o

.debug_line     0x00000000     0x66f3
 *(.debug_line)
 .debug_line    0x00000000      0x18a build/HAL_Libraries/CMSIS/Device/ST/STM32F0xx/Source/Templates/system_stm32f0xx.o
 .debug_line    0x0000018a      0x342 build/HAL_Libraries/STM32F0xx_HAL_Driver/Src/stm32f0xx_hal.o
 .debug_line    0x000004cc      0x2e5 build/HAL_Libraries/STM32F0xx_HAL_Driver/Src/stm32f0xx_hal_cortex.o
 .debug_line    0x000007b1      0x328 build/HAL_Libraries/STM32F0xx_HAL_Driver/Src/stm32f0xx_hal_gpio.o
 .debug_line    0x00000ad9      0x549 build/HAL_Libraries/STM32F0xx_HAL_Driver/Src/stm32f0xx_hal_rcc.o
 .debug_line    0x00001022      0x2a1 build/HAL_Libraries/STM32F0xx_HAL_Driver/Src/stm32f0xx_hal_rcc_ex.o
 .debug_line    0x000012c3      0xda2 build/HAL_Libraries/STM32F0xx_HAL_Driver/Src/stm32f0xx_hal_uart.o
 .debug_line    0x00002065       0xaf build/HAL_Libraries/CMSIS/Device/ST/STM32F0xx/Source/Templates/gcc/startup_stm32f0xx.o
 .debug_line    0x00002114      0x253 build/drivers/board.o
 .debug_line    0x00002367      0x15d build/drivers/led.o
 .debug_line    0x000024c4      0x162 build/drivers/stm32f0xx_hal_msp.o
 .debug_line    0x00002626       0x48 build/drivers/stm32f0xx_it.o
 .debug_line    0x0000266e      0x39d build/drivers/usart.o
 .debug_line    0x00002a0b      0x1e8 build/applications/application.o
 .debug_line    0x00002bf3      0x13a build/applications/main.o
 .debug_line    0x00002d2d      0x10f build/kernel/src/clock.o
 .debug_line    0x00002e3c      0x113 build/kernel/src/components.o
 .debug_line    0x00002f4f      0x248 build/kernel/src/device.o
 .debug_line    0x00003197      0x165 build/kernel/src/idle.o
 .debug_line    0x000032fc      0x2cd build/kernel/src/ipc.o
 .debug_line    0x000035c9       0xd7 build/kernel/src/irq.o
 .debug_line    0x000036a0      0x67c build/kernel/src/kservice.o
 .debug_line    0x00003d1c      0x30a build/kernel/src/mem.o
 .debug_line    0x00004026      0x24f build/kernel/src/object.o
 .debug_line    0x00004275      0x221 build/kernel/src/scheduler.o
 .debug_line    0x00004496      0x422 build/kernel/src/thread.o
 .debug_line    0x000048b8      0x363 build/kernel/src/timer.o
 .debug_line    0x00004c1b       0xfd build/kernel/libcpu/arm/cortex-m0/cpuport.o
 .debug_line    0x00004d18       0xe7 build/kernel/libcpu/arm/cortex-m0/context_gcc.o
 .debug_line    0x00004dff      0x4ff build/kernel/components/drivers/serial/serial.o
 .debug_line    0x000052fe      0x1cd build/kernel/components/drivers/src/completion.o
 .debug_line    0x000054cb      0x31b build/kernel/components/drivers/src/dataqueue.o
 .debug_line    0x000057e6      0x5b8 build/kernel/components/libc/minilibc/string.o
 .debug_line    0x00005d9e      0x3e1 build/kernel/components/finsh/shell.o
 .debug_line    0x0000617f       0xf8 build/kernel/components/finsh/symbol.o
 .debug_line    0x00006277      0x27d build/kernel/components/finsh/cmd.o
 .debug_line    0x000064f4      0x1ff build/kernel/components/finsh/msh.o

.debug_frame    0x00000000     0x2268
 *(.debug_frame)
 .debug_frame   0x00000000       0x3c build/HAL_Libraries/CMSIS/Device/ST/STM32F0xx/Source/Templates/system_stm32f0xx.o
 .debug_frame   0x0000003c      0x174 build/HAL_Libraries/STM32F0xx_HAL_Driver/Src/stm32f0xx_hal.o
 .debug_frame   0x000001b0       0xe4 build/HAL_Libraries/STM32F0xx_HAL_Driver/Src/stm32f0xx_hal_cortex.o
 .debug_frame   0x00000294       0xd4 build/HAL_Libraries/STM32F0xx_HAL_Driver/Src/stm32f0xx_hal_gpio.o
 .debug_frame   0x00000368      0x138 build/HAL_Libraries/STM32F0xx_HAL_Driver/Src/stm32f0xx_hal_rcc.o
 .debug_frame   0x000004a0       0x60 build/HAL_Libraries/STM32F0xx_HAL_Driver/Src/stm32f0xx_hal_rcc_ex.o
 .debug_frame   0x00000500      0x514 build/HAL_Libraries/STM32F0xx_HAL_Driver/Src/stm32f0xx_hal_uart.o
 .debug_frame   0x00000a14       0xac build/drivers/board.o
 .debug_frame   0x00000ac0       0x2c build/drivers/led.o
 .debug_frame   0x00000aec       0x28 build/drivers/stm32f0xx_hal_msp.o
 .debug_frame   0x00000b14       0x30 build/drivers/stm32f0xx_it.o
 .debug_frame   0x00000b44       0xe8 build/drivers/usart.o
 .debug_frame   0x00000c2c       0x58 build/applications/application.o
 .debug_frame   0x00000c84       0x5c build/applications/main.o
 .debug_frame   0x00000ce0       0x78 build/kernel/src/clock.o
 .debug_frame   0x00000d58       0x90 build/kernel/src/components.o
 .debug_frame   0x00000de8      0x164 build/kernel/src/device.o
 .debug_frame   0x00000f4c       0x7c build/kernel/src/idle.o
 .debug_frame   0x00000fc8      0x118 build/kernel/src/ipc.o
 .debug_frame   0x000010e0       0x50 build/kernel/src/irq.o
 .debug_frame   0x00001130      0x330 build/kernel/src/kservice.o
 .debug_frame   0x00001460      0x108 build/kernel/src/mem.o
 .debug_frame   0x00001568       0xd4 build/kernel/src/object.o
 .debug_frame   0x0000163c       0xc8 build/kernel/src/scheduler.o
 .debug_frame   0x00001704      0x1d8 build/kernel/src/thread.o
 .debug_frame   0x000018dc      0x138 build/kernel/src/timer.o
 .debug_frame   0x00001a14       0x44 build/kernel/libcpu/arm/cortex-m0/cpuport.o
 .debug_frame   0x00001a58      0x138 build/kernel/components/drivers/serial/serial.o
 .debug_frame   0x00001b90       0x6c build/kernel/components/drivers/src/completion.o
 .debug_frame   0x00001bfc       0xc8 build/kernel/components/drivers/src/dataqueue.o
 .debug_frame   0x00001cc4      0x290 build/kernel/components/libc/minilibc/string.o
 .debug_frame   0x00001f54      0x12c build/kernel/components/finsh/shell.o
 .debug_frame   0x00002080      0x12c build/kernel/components/finsh/cmd.o
 .debug_frame   0x000021ac       0x9c build/kernel/components/finsh/msh.o
 .debug_frame   0x00002248       0x20 /home/yzeze/Library/gcc-arm-none-eabi-5_4-2016q3/bin/../lib/gcc/arm-none-eabi/5.4.1/armv6-m/libgcc.a(_udivsi3.o)

.debug_str      0x00000000     0x3947
 *(.debug_str)
 .debug_str     0x00000000      0x241 build/HAL_Libraries/CMSIS/Device/ST/STM32F0xx/Source/Templates/system_stm32f0xx.o
                                0x27e (size before relaxing)
 .debug_str     0x00000241      0x3ee build/HAL_Libraries/STM32F0xx_HAL_Driver/Src/stm32f0xx_hal.o
                                0x5b1 (size before relaxing)
 .debug_str     0x0000062f      0x1f3 build/HAL_Libraries/STM32F0xx_HAL_Driver/Src/stm32f0xx_hal_cortex.o
                                0x5c6 (size before relaxing)
 .debug_str     0x00000822      0x1c2 build/HAL_Libraries/STM32F0xx_HAL_Driver/Src/stm32f0xx_hal_gpio.o
                                0x3eb (size before relaxing)
 .debug_str     0x000009e4      0x2e3 build/HAL_Libraries/STM32F0xx_HAL_Driver/Src/stm32f0xx_hal_rcc.o
                                0x60a (size before relaxing)
 .debug_str     0x00000cc7      0x12a build/HAL_Libraries/STM32F0xx_HAL_Driver/Src/stm32f0xx_hal_rcc_ex.o
                                0x39d (size before relaxing)
 .debug_str     0x00000df1      0x97c build/HAL_Libraries/STM32F0xx_HAL_Driver/Src/stm32f0xx_hal_uart.o
                                0xc6b (size before relaxing)
 .debug_str     0x0000176d       0xe6 build/drivers/board.o
                                0x687 (size before relaxing)
 .debug_str     0x00001853       0x75 build/drivers/led.o
                                0x2f9 (size before relaxing)
 .debug_str     0x000018c8       0x28 build/drivers/stm32f0xx_hal_msp.o
                                0x378 (size before relaxing)
 .debug_str     0x000018f0       0x23 build/drivers/stm32f0xx_it.o
                                0x16e (size before relaxing)
 .debug_str     0x00001913      0x454 build/drivers/usart.o
                                0xe5f (size before relaxing)
 .debug_str     0x00001d67      0x15e build/applications/application.o
                                0x402 (size before relaxing)
 .debug_str     0x00001ec5      0x120 build/applications/main.o
                                0x2f0 (size before relaxing)
 .debug_str     0x00001fe5       0xb2 build/kernel/src/clock.o
                                0x379 (size before relaxing)
 .debug_str     0x00002097      0x108 build/kernel/src/components.o
                                0x291 (size before relaxing)
 .debug_str     0x0000219f      0x266 build/kernel/src/device.o
                                0x6d7 (size before relaxing)
 .debug_str     0x00002405      0x117 build/kernel/src/idle.o
                                0x43b (size before relaxing)
 .debug_str     0x0000251c      0x1e5 build/kernel/src/ipc.o
                                0x5d7 (size before relaxing)
 .debug_str     0x00002701       0x44 build/kernel/src/irq.o
                                0x1f0 (size before relaxing)
 .debug_str     0x00002745      0x285 build/kernel/src/kservice.o
                                0x89e (size before relaxing)
 .debug_str     0x000029ca      0x116 build/kernel/src/mem.o
                                0x3e7 (size before relaxing)
 .debug_str     0x00002ae0       0x73 build/kernel/src/object.o
                                0x45c (size before relaxing)
 .debug_str     0x00002b53      0x177 build/kernel/src/scheduler.o
                                0x564 (size before relaxing)
 .debug_str     0x00002cca       0xf4 build/kernel/src/thread.o
                                0x713 (size before relaxing)
 .debug_str     0x00002dbe       0xf2 build/kernel/src/timer.o
                                0x513 (size before relaxing)
 .debug_str     0x00002eb0       0xdc build/kernel/libcpu/arm/cortex-m0/cpuport.o
                                0x3a6 (size before relaxing)
 .debug_str     0x00002f8c      0x2e6 build/kernel/components/drivers/serial/serial.o
                                0x902 (size before relaxing)
 .debug_str     0x00003272       0x53 build/kernel/components/drivers/src/completion.o
                                0x45f (size before relaxing)
 .debug_str     0x000032c5       0x5f build/kernel/components/drivers/src/dataqueue.o
                                0x523 (size before relaxing)
 .debug_str     0x00003324      0x13b build/kernel/components/libc/minilibc/string.o
                                0x366 (size before relaxing)
 .debug_str     0x0000345f      0x2d5 build/kernel/components/finsh/shell.o
                                0x97b (size before relaxing)
 .debug_str     0x00003734       0x51 build/kernel/components/finsh/symbol.o
                                0x21b (size before relaxing)
 .debug_str     0x00003785       0xe6 build/kernel/components/finsh/cmd.o
                                0x80a (size before relaxing)
 .debug_str     0x0000386b       0xdc build/kernel/components/finsh/msh.o
                                0x2fd (size before relaxing)

.debug_loc      0x00000000     0xc3f2
 *(.debug_loc)
 .debug_loc     0x00000000      0x120 build/HAL_Libraries/CMSIS/Device/ST/STM32F0xx/Source/Templates/system_stm32f0xx.o
 .debug_loc     0x00000120       0x7c build/HAL_Libraries/STM32F0xx_HAL_Driver/Src/stm32f0xx_hal.o
 .debug_loc     0x0000019c      0x409 build/HAL_Libraries/STM32F0xx_HAL_Driver/Src/stm32f0xx_hal_cortex.o
 .debug_loc     0x000005a5      0x3fd build/HAL_Libraries/STM32F0xx_HAL_Driver/Src/stm32f0xx_hal_gpio.o
 .debug_loc     0x000009a2      0x4b1 build/HAL_Libraries/STM32F0xx_HAL_Driver/Src/stm32f0xx_hal_rcc.o
 .debug_loc     0x00000e53      0x277 build/HAL_Libraries/STM32F0xx_HAL_Driver/Src/stm32f0xx_hal_rcc_ex.o
 .debug_loc     0x000010ca     0x1515 build/HAL_Libraries/STM32F0xx_HAL_Driver/Src/stm32f0xx_hal_uart.o
 .debug_loc     0x000025df       0x4b build/drivers/board.o
 .debug_loc     0x0000262a      0x3e3 build/drivers/usart.o
 .debug_loc     0x00002a0d       0x68 build/applications/application.o
 .debug_loc     0x00002a75       0x3c build/applications/main.o
 .debug_loc     0x00002ab1       0x73 build/kernel/src/clock.o
 .debug_loc     0x00002b24       0xba build/kernel/src/components.o
 .debug_loc     0x00002bde      0x7c7 build/kernel/src/device.o
 .debug_loc     0x000033a5       0x99 build/kernel/src/idle.o
 .debug_loc     0x0000343e      0x829 build/kernel/src/ipc.o
 .debug_loc     0x00003c67       0x26 build/kernel/src/irq.o
 .debug_loc     0x00003c8d     0x1e98 build/kernel/src/kservice.o
 .debug_loc     0x00005b25      0x739 build/kernel/src/mem.o
 .debug_loc     0x0000625e      0x464 build/kernel/src/object.o
 .debug_loc     0x000066c2      0x21f build/kernel/src/scheduler.o
 .debug_loc     0x000068e1      0xa2c build/kernel/src/thread.o
 .debug_loc     0x0000730d      0x93b build/kernel/src/timer.o
 .debug_loc     0x00007c48       0xd4 build/kernel/libcpu/arm/cortex-m0/cpuport.o
 .debug_loc     0x00007d1c     0x177e build/kernel/components/drivers/serial/serial.o
 .debug_loc     0x0000949a      0x2ad build/kernel/components/drivers/src/completion.o
 .debug_loc     0x00009747      0x711 build/kernel/components/drivers/src/dataqueue.o
 .debug_loc     0x00009e58     0x1983 build/kernel/components/libc/minilibc/string.o
 .debug_loc     0x0000b7db      0x237 build/kernel/components/finsh/shell.o
 .debug_loc     0x0000ba12      0x4f7 build/kernel/components/finsh/cmd.o
 .debug_loc     0x0000bf09      0x4e9 build/kernel/components/finsh/msh.o

.debug_macinfo
 *(.debug_macinfo)

.debug_weaknames
 *(.debug_weaknames)

.debug_funcnames
 *(.debug_funcnames)

.debug_typenames
 *(.debug_typenames)

.debug_varnames
 *(.debug_varnames)
OUTPUT(rtthread-stm32f0xx.axf elf32-littlearm)

.debug_ranges   0x00000000     0x1960
 .debug_ranges  0x00000000       0x18 build/HAL_Libraries/CMSIS/Device/ST/STM32F0xx/Source/Templates/system_stm32f0xx.o
 .debug_ranges  0x00000018       0xa0 build/HAL_Libraries/STM32F0xx_HAL_Driver/Src/stm32f0xx_hal.o
 .debug_ranges  0x000000b8       0xe8 build/HAL_Libraries/STM32F0xx_HAL_Driver/Src/stm32f0xx_hal_cortex.o
 .debug_ranges  0x000001a0       0x80 build/HAL_Libraries/STM32F0xx_HAL_Driver/Src/stm32f0xx_hal_gpio.o
 .debug_ranges  0x00000220       0xd0 build/HAL_Libraries/STM32F0xx_HAL_Driver/Src/stm32f0xx_hal_rcc.o
 .debug_ranges  0x000002f0       0x38 build/HAL_Libraries/STM32F0xx_HAL_Driver/Src/stm32f0xx_hal_rcc_ex.o
 .debug_ranges  0x00000328      0x1b0 build/HAL_Libraries/STM32F0xx_HAL_Driver/Src/stm32f0xx_hal_uart.o
 .debug_ranges  0x000004d8       0x20 build/HAL_Libraries/CMSIS/Device/ST/STM32F0xx/Source/Templates/gcc/startup_stm32f0xx.o
 .debug_ranges  0x000004f8       0x40 build/drivers/board.o
 .debug_ranges  0x00000538       0x70 build/drivers/led.o
 .debug_ranges  0x000005a8       0x40 build/drivers/stm32f0xx_hal_msp.o
 .debug_ranges  0x000005e8       0x10 build/drivers/stm32f0xx_it.o
 .debug_ranges  0x000005f8       0xb0 build/drivers/usart.o
 .debug_ranges  0x000006a8       0x20 build/applications/application.o
 .debug_ranges  0x000006c8       0x20 build/applications/main.o
 .debug_ranges  0x000006e8       0x30 build/kernel/src/clock.o
 .debug_ranges  0x00000718       0x20 build/kernel/src/components.o
 .debug_ranges  0x00000738       0x68 build/kernel/src/device.o
 .debug_ranges  0x000007a0       0x90 build/kernel/src/idle.o
 .debug_ranges  0x00000830      0x148 build/kernel/src/ipc.o
 .debug_ranges  0x00000978       0x20 build/kernel/src/irq.o
 .debug_ranges  0x00000998      0x218 build/kernel/src/kservice.o
 .debug_ranges  0x00000bb0       0xc8 build/kernel/src/mem.o
 .debug_ranges  0x00000c78       0xd0 build/kernel/src/object.o
 .debug_ranges  0x00000d48       0x80 build/kernel/src/scheduler.o
 .debug_ranges  0x00000dc8      0x150 build/kernel/src/thread.o
 .debug_ranges  0x00000f18      0x1d8 build/kernel/src/timer.o
 .debug_ranges  0x000010f0       0x18 build/kernel/libcpu/arm/cortex-m0/cpuport.o
 .debug_ranges  0x00001108      0x388 build/kernel/components/drivers/serial/serial.o
 .debug_ranges  0x00001490       0x38 build/kernel/components/drivers/src/completion.o
 .debug_ranges  0x000014c8       0xb0 build/kernel/components/drivers/src/dataqueue.o
 .debug_ranges  0x00001578      0x1c0 build/kernel/components/libc/minilibc/string.o
 .debug_ranges  0x00001738       0xc8 build/kernel/components/finsh/shell.o
 .debug_ranges  0x00001800       0xd0 build/kernel/components/finsh/cmd.o
 .debug_ranges  0x000018d0       0x90 build/kernel/components/finsh/msh.o

Cross Reference Table

Symbol                                            File
ADC1_COMP_IRQHandler                              build/HAL_Libraries/CMSIS/Device/ST/STM32F0xx/Source/Templates/gcc/startup_stm32f0xx.o
AHBPrescTable                                     build/HAL_Libraries/CMSIS/Device/ST/STM32F0xx/Source/Templates/system_stm32f0xx.o
                                                  build/HAL_Libraries/STM32F0xx_HAL_Driver/Src/stm32f0xx_ll_utils.o
                                                  build/HAL_Libraries/STM32F0xx_HAL_Driver/Src/stm32f0xx_hal_rcc.o
APBPrescTable                                     build/HAL_Libraries/CMSIS/Device/ST/STM32F0xx/Source/Templates/system_stm32f0xx.o
                                                  build/HAL_Libraries/STM32F0xx_HAL_Driver/Src/stm32f0xx_hal_rcc.o
CEC_IRQHandler                                    build/HAL_Libraries/CMSIS/Device/ST/STM32F0xx/Source/Templates/gcc/startup_stm32f0xx.o
DMA1_Channel1_IRQHandler                          build/HAL_Libraries/CMSIS/Device/ST/STM32F0xx/Source/Templates/gcc/startup_stm32f0xx.o
DMA1_Channel2_3_IRQHandler                        build/HAL_Libraries/CMSIS/Device/ST/STM32F0xx/Source/Templates/gcc/startup_stm32f0xx.o
DMA1_Channel4_5_IRQHandler                        build/HAL_Libraries/CMSIS/Device/ST/STM32F0xx/Source/Templates/gcc/startup_stm32f0xx.o
Default_Handler                                   build/HAL_Libraries/CMSIS/Device/ST/STM32F0xx/Source/Templates/gcc/startup_stm32f0xx.o
EXTI0_1_IRQHandler                                build/HAL_Libraries/CMSIS/Device/ST/STM32F0xx/Source/Templates/gcc/startup_stm32f0xx.o
EXTI2_3_IRQHandler                                build/HAL_Libraries/CMSIS/Device/ST/STM32F0xx/Source/Templates/gcc/startup_stm32f0xx.o
EXTI4_15_IRQHandler                               build/HAL_Libraries/CMSIS/Device/ST/STM32F0xx/Source/Templates/gcc/startup_stm32f0xx.o
FLASH_IRQHandler                                  build/HAL_Libraries/CMSIS/Device/ST/STM32F0xx/Source/Templates/gcc/startup_stm32f0xx.o
FLASH_PageErase                                   build/HAL_Libraries/STM32F0xx_HAL_Driver/Src/stm32f0xx_hal_flash_ex.o
                                                  build/HAL_Libraries/STM32F0xx_HAL_Driver/Src/stm32f0xx_hal_flash.o
FLASH_WaitForLastOperation                        build/HAL_Libraries/STM32F0xx_HAL_Driver/Src/stm32f0xx_hal_flash.o
                                                  build/HAL_Libraries/STM32F0xx_HAL_Driver/Src/stm32f0xx_hal_flash_ex.o
HAL_ADCEx_Calibration_Start                       build/HAL_Libraries/STM32F0xx_HAL_Driver/Src/stm32f0xx_hal_adc_ex.o
HAL_ADC_AnalogWDGConfig                           build/HAL_Libraries/STM32F0xx_HAL_Driver/Src/stm32f0xx_hal_adc.o
HAL_ADC_ConfigChannel                             build/HAL_Libraries/STM32F0xx_HAL_Driver/Src/stm32f0xx_hal_adc.o
HAL_ADC_ConvCpltCallback                          build/HAL_Libraries/STM32F0xx_HAL_Driver/Src/stm32f0xx_hal_adc.o
HAL_ADC_ConvHalfCpltCallback                      build/HAL_Libraries/STM32F0xx_HAL_Driver/Src/stm32f0xx_hal_adc.o
HAL_ADC_DeInit                                    build/HAL_Libraries/STM32F0xx_HAL_Driver/Src/stm32f0xx_hal_adc.o
HAL_ADC_ErrorCallback                             build/HAL_Libraries/STM32F0xx_HAL_Driver/Src/stm32f0xx_hal_adc.o
HAL_ADC_GetError                                  build/HAL_Libraries/STM32F0xx_HAL_Driver/Src/stm32f0xx_hal_adc.o
HAL_ADC_GetState                                  build/HAL_Libraries/STM32F0xx_HAL_Driver/Src/stm32f0xx_hal_adc.o
HAL_ADC_GetValue                                  build/HAL_Libraries/STM32F0xx_HAL_Driver/Src/stm32f0xx_hal_adc.o
HAL_ADC_IRQHandler                                build/HAL_Libraries/STM32F0xx_HAL_Driver/Src/stm32f0xx_hal_adc.o
HAL_ADC_Init                                      build/HAL_Libraries/STM32F0xx_HAL_Driver/Src/stm32f0xx_hal_adc.o
HAL_ADC_LevelOutOfWindowCallback                  build/HAL_Libraries/STM32F0xx_HAL_Driver/Src/stm32f0xx_hal_adc.o
HAL_ADC_MspDeInit                                 build/HAL_Libraries/STM32F0xx_HAL_Driver/Src/stm32f0xx_hal_adc.o
HAL_ADC_MspInit                                   build/HAL_Libraries/STM32F0xx_HAL_Driver/Src/stm32f0xx_hal_adc.o
HAL_ADC_PollForConversion                         build/HAL_Libraries/STM32F0xx_HAL_Driver/Src/stm32f0xx_hal_adc.o
HAL_ADC_PollForEvent                              build/HAL_Libraries/STM32F0xx_HAL_Driver/Src/stm32f0xx_hal_adc.o
HAL_ADC_Start                                     build/HAL_Libraries/STM32F0xx_HAL_Driver/Src/stm32f0xx_hal_adc.o
HAL_ADC_Start_DMA                                 build/HAL_Libraries/STM32F0xx_HAL_Driver/Src/stm32f0xx_hal_adc.o
HAL_ADC_Start_IT                                  build/HAL_Libraries/STM32F0xx_HAL_Driver/Src/stm32f0xx_hal_adc.o
HAL_ADC_Stop                                      build/HAL_Libraries/STM32F0xx_HAL_Driver/Src/stm32f0xx_hal_adc.o
HAL_ADC_Stop_DMA                                  build/HAL_Libraries/STM32F0xx_HAL_Driver/Src/stm32f0xx_hal_adc.o
HAL_ADC_Stop_IT                                   build/HAL_Libraries/STM32F0xx_HAL_Driver/Src/stm32f0xx_hal_adc.o
HAL_CRCEx_Init                                    build/HAL_Libraries/STM32F0xx_HAL_Driver/Src/stm32f0xx_hal_crc_ex.o
                                                  build/HAL_Libraries/STM32F0xx_HAL_Driver/Src/stm32f0xx_hal_crc.o
HAL_CRCEx_Input_Data_Reverse                      build/HAL_Libraries/STM32F0xx_HAL_Driver/Src/stm32f0xx_hal_crc_ex.o
HAL_CRCEx_Output_Data_Reverse                     build/HAL_Libraries/STM32F0xx_HAL_Driver/Src/stm32f0xx_hal_crc_ex.o
HAL_CRC_Accumulate                                build/HAL_Libraries/STM32F0xx_HAL_Driver/Src/stm32f0xx_hal_crc.o
HAL_CRC_Calculate                                 build/HAL_Libraries/STM32F0xx_HAL_Driver/Src/stm32f0xx_hal_crc.o
HAL_CRC_DeInit                                    build/HAL_Libraries/STM32F0xx_HAL_Driver/Src/stm32f0xx_hal_crc.o
HAL_CRC_GetState                                  build/HAL_Libraries/STM32F0xx_HAL_Driver/Src/stm32f0xx_hal_crc.o
HAL_CRC_Init                                      build/HAL_Libraries/STM32F0xx_HAL_Driver/Src/stm32f0xx_hal_crc.o